nohup: ignoring input
=== [1/31] FB15k-237/ComplEx@d400/seed42 ===
Device: cuda, AMP: True
GPU: NVIDIA GeForce RTX 2080 Ti, 11.3 GB
======================================================================
CompGCN+DistMult | FB15k-237 | seed=42
d_h=400 L=2 lr=0.0005 ls=0.3 epochs=200
======================================================================
  KG: 14541 ent, 474 rel, 544230 edges
  Train/Val/Test: 272115/17535/20466
  Params: 7,028,400
  Training: epochs=200, lr=0.0005, batch=4096, ls=0.3
  Steps/epoch: 66
  E  1/200 Loss:10.232 lr:5.00e-04 11s
  >> Val MRR:0.3587 H@1:26.6% H@10:53.2% ** BEST **
  E 10/200 Loss:6.203 lr:5.00e-04 10s
  >> Val MRR:0.3958 H@1:30.6% H@10:59.0% ** BEST **
  >> Val MRR:0.4146 H@1:32.4% H@10:60.8% ** BEST **
  E 20/200 Loss:5.851 lr:5.00e-04 10s
  >> Val MRR:0.4190 H@1:32.4% H@10:61.0% ** BEST **
  >> Val MRR:0.4169 (best:0.4190 p:1/30)
  E 30/200 Loss:5.708 lr:5.00e-04 10s
  >> Val MRR:0.4181 (best:0.4190 p:2/30)
  >> Val MRR:0.4187 (best:0.4190 p:3/30)
  E 40/200 Loss:5.624 lr:5.00e-04 10s
  >> Val MRR:0.4206 H@1:33.8% H@10:60.6% ** BEST **
  >> Val MRR:0.4138 (best:0.4206 p:1/30)
  E 50/200 Loss:5.565 lr:5.00e-04 10s
  >> Val MRR:0.4142 (best:0.4206 p:2/30)
  >> Val MRR:0.4204 (best:0.4206 p:3/30)
  E 60/200 Loss:5.518 lr:5.00e-04 10s
  E 70/200 Loss:5.483 lr:5.00e-04 10s
  >> Val MRR:0.4214 H@1:33.4% H@10:60.4% ** BEST **
  >> Val MRR:0.4176 (best:0.4214 p:1/30)
  E 80/200 Loss:5.453 lr:5.00e-04 10s
  >> Val MRR:0.4130 (best:0.4214 p:2/30)
  >> Val MRR:0.4161 (best:0.4214 p:3/30)
  E 90/200 Loss:5.428 lr:5.00e-04 10s
  E100/200 Loss:5.407 lr:5.00e-04 10s
  E110/200 Loss:5.387 lr:5.00e-04 10s
  E120/200 Loss:5.370 lr:1.50e-04 10s
  >> Val MRR:0.4073 (best:0.4214 p:10/30)
  E130/200 Loss:5.310 lr:1.50e-04 10s
  E140/200 Loss:5.301 lr:1.50e-04 10s
  E150/200 Loss:5.295 lr:1.50e-04 10s
  E160/200 Loss:5.290 lr:4.50e-05 10s
  E170/200 Loss:5.272 lr:4.50e-05 10s
  >> Val MRR:0.3987 (best:0.4214 p:20/30)
  E180/200 Loss:5.268 lr:4.50e-05 10s
  E190/200 Loss:5.265 lr:4.50e-05 10s
  E200/200 Loss:5.262 lr:4.50e-05 10s
  Training done: 2302s, best_val_MRR=0.4214
  Full test evaluation (20466 triples)...

  FINAL TEST: MRR=0.4150 H@1=32.0% H@3=45.7% H@10=60.7%
  Saved: /home/shanxh/decoder/FB15k-237_d400_L2_ls0.3_ComplEx_seed42.json
=== FB15k-237/ComplEx@d400/seed42 rc=0 in 2542s ===
=== [2/31] WN18RR/DistMult@d100/seed42 ===
Device: cuda, AMP: True
GPU: NVIDIA GeForce RTX 2080 Ti, 11.3 GB
======================================================================
CompGCN+DistMult | WN18RR | seed=42
d_h=100 L=2 lr=0.0005 ls=0.3 epochs=300
======================================================================
  KG: 40943 ent, 22 rel, 173670 edges
  Train/Val/Test: 86835/3034/3134
  Params: 4,141,700
  Training: epochs=300, lr=0.0005, batch=4096, ls=0.3
  Steps/epoch: 21
  E  1/300 Loss:11.166 lr:5.00e-04 2s
  >> Val MRR:0.0187 H@1:0.8% H@10:4.6% ** BEST **
  E 10/300 Loss:8.121 lr:5.00e-04 1s
  >> Val MRR:0.1343 H@1:9.6% H@10:20.8% ** BEST **
  >> Val MRR:0.2851 H@1:24.8% H@10:35.0% ** BEST **
  E 20/300 Loss:6.477 lr:5.00e-04 1s
  >> Val MRR:0.3505 H@1:32.4% H@10:39.4% ** BEST **
  >> Val MRR:0.3880 H@1:36.8% H@10:42.4% ** BEST **
  E 30/300 Loss:5.731 lr:5.00e-04 1s
  >> Val MRR:0.4141 H@1:40.0% H@10:43.8% ** BEST **
  >> Val MRR:0.4195 H@1:40.0% H@10:45.6% ** BEST **
  E 40/300 Loss:5.375 lr:5.00e-04 1s
  >> Val MRR:0.4234 H@1:40.2% H@10:46.4% ** BEST **
  >> Val MRR:0.4323 H@1:41.4% H@10:47.6% ** BEST **
  E 50/300 Loss:5.179 lr:5.00e-04 1s
  >> Val MRR:0.4333 H@1:41.0% H@10:47.8% ** BEST **
  >> Val MRR:0.4379 H@1:42.2% H@10:47.0% ** BEST **
  E 60/300 Loss:5.065 lr:5.00e-04 1s
  >> Val MRR:0.4433 H@1:42.2% H@10:49.2% ** BEST **
  >> Val MRR:0.4505 H@1:42.8% H@10:49.4% ** BEST **
  E 70/300 Loss:4.993 lr:5.00e-04 1s
  >> Val MRR:0.4499 (best:0.4505 p:1/30)
  >> Val MRR:0.4535 H@1:42.8% H@10:50.8% ** BEST **
  E 80/300 Loss:4.940 lr:5.00e-04 1s
  >> Val MRR:0.4513 (best:0.4535 p:1/30)
  >> Val MRR:0.4529 (best:0.4535 p:2/30)
  E 90/300 Loss:4.901 lr:5.00e-04 1s
  >> Val MRR:0.4505 (best:0.4535 p:3/30)
  >> Val MRR:0.4567 H@1:43.4% H@10:51.4% ** BEST **
  E100/300 Loss:4.867 lr:5.00e-04 1s
  >> Val MRR:0.4566 (best:0.4567 p:1/30)
  >> Val MRR:0.4590 H@1:43.4% H@10:50.8% ** BEST **
  E110/300 Loss:4.844 lr:5.00e-04 1s
  >> Val MRR:0.4576 (best:0.4590 p:1/30)
  >> Val MRR:0.4593 H@1:43.2% H@10:51.6% ** BEST **
  E120/300 Loss:4.826 lr:5.00e-04 1s
  >> Val MRR:0.4629 H@1:43.6% H@10:51.4% ** BEST **
  >> Val MRR:0.4646 H@1:43.8% H@10:51.6% ** BEST **
  E130/300 Loss:4.810 lr:5.00e-04 1s
  >> Val MRR:0.4672 H@1:44.0% H@10:51.8% ** BEST **
  >> Val MRR:0.4636 (best:0.4672 p:1/30)
  E140/300 Loss:4.796 lr:5.00e-04 1s
  >> Val MRR:0.4681 H@1:43.8% H@10:51.2% ** BEST **
  >> Val MRR:0.4688 H@1:44.2% H@10:51.2% ** BEST **
  E150/300 Loss:4.785 lr:5.00e-04 1s
  >> Val MRR:0.4702 H@1:44.4% H@10:51.8% ** BEST **
  >> Val MRR:0.4673 (best:0.4702 p:1/30)
  E160/300 Loss:4.774 lr:5.00e-04 1s
  >> Val MRR:0.4692 (best:0.4702 p:2/30)
  >> Val MRR:0.4677 (best:0.4702 p:3/30)
  E170/300 Loss:4.765 lr:5.00e-04 1s
  E180/300 Loss:4.757 lr:1.50e-04 1s
  E190/300 Loss:4.735 lr:1.50e-04 1s
  >> Val MRR:0.4715 H@1:44.4% H@10:51.8% ** BEST **
  E200/300 Loss:4.729 lr:1.50e-04 1s
  >> Val MRR:0.4722 H@1:44.4% H@10:51.4% ** BEST **
  >> Val MRR:0.4735 H@1:44.6% H@10:51.6% ** BEST **
  E210/300 Loss:4.724 lr:1.50e-04 1s
  >> Val MRR:0.4739 H@1:44.6% H@10:52.0% ** BEST **
  >> Val MRR:0.4731 (best:0.4739 p:1/30)
  E220/300 Loss:4.721 lr:1.50e-04 1s
  >> Val MRR:0.4728 (best:0.4739 p:2/30)
  >> Val MRR:0.4756 H@1:45.0% H@10:51.8% ** BEST **
  E230/300 Loss:4.719 lr:1.50e-04 1s
  >> Val MRR:0.4749 (best:0.4756 p:1/30)
  >> Val MRR:0.4747 (best:0.4756 p:2/30)
  E240/300 Loss:4.717 lr:4.50e-05 1s
  >> Val MRR:0.4754 (best:0.4756 p:3/30)
  E250/300 Loss:4.710 lr:4.50e-05 1s
  >> Val MRR:0.4761 H@1:45.0% H@10:52.0% ** BEST **
  >> Val MRR:0.4751 (best:0.4761 p:1/30)
  E260/300 Loss:4.707 lr:4.50e-05 1s
  >> Val MRR:0.4755 (best:0.4761 p:2/30)
  >> Val MRR:0.4760 (best:0.4761 p:3/30)
  E270/300 Loss:4.706 lr:4.50e-05 1s
  >> Val MRR:0.4762 H@1:45.0% H@10:52.0% ** BEST **
  >> Val MRR:0.4763 H@1:45.0% H@10:52.2% ** BEST **
  E280/300 Loss:4.705 lr:4.50e-05 1s
  >> Val MRR:0.4759 (best:0.4763 p:1/30)
  >> Val MRR:0.4752 (best:0.4763 p:2/30)
  E290/300 Loss:4.705 lr:4.50e-05 1s
  >> Val MRR:0.4762 (best:0.4763 p:3/30)
  E300/300 Loss:4.704 lr:4.50e-05 1s
  >> Val MRR:0.4764 H@1:45.0% H@10:52.0% ** BEST **
  Training done: 356s, best_val_MRR=0.4764
  Full test evaluation (3134 triples)...

  FINAL TEST: MRR=0.4660 H@1=43.6% H@3=48.0% H@10=52.0%
  Saved: /home/shanxh/decoder/WN18RR_d100_L2_ls0.3_seed42.json
=== WN18RR/DistMult@d100/seed42 rc=0 in 366s ===
=== [3/31] WN18RR/DistMult@d100/seed123 ===
Device: cuda, AMP: True
GPU: NVIDIA GeForce RTX 2080 Ti, 11.3 GB
======================================================================
CompGCN+DistMult | WN18RR | seed=123
d_h=100 L=2 lr=0.0005 ls=0.3 epochs=300
======================================================================
  KG: 40943 ent, 22 rel, 173670 edges
  Train/Val/Test: 86835/3034/3134
  Params: 4,141,700
  Training: epochs=300, lr=0.0005, batch=4096, ls=0.3
  Steps/epoch: 21
  E  1/300 Loss:11.161 lr:5.00e-04 2s
  >> Val MRR:0.0361 H@1:2.2% H@10:5.6% ** BEST **
  E 10/300 Loss:8.080 lr:5.00e-04 1s
  >> Val MRR:0.1594 H@1:12.2% H@10:22.2% ** BEST **
  >> Val MRR:0.2851 H@1:24.2% H@10:36.2% ** BEST **
  E 20/300 Loss:6.482 lr:5.00e-04 1s
  >> Val MRR:0.3360 H@1:30.0% H@10:39.8% ** BEST **
  >> Val MRR:0.3897 H@1:36.0% H@10:44.0% ** BEST **
  E 30/300 Loss:5.722 lr:5.00e-04 1s
  >> Val MRR:0.4093 H@1:38.6% H@10:45.0% ** BEST **
  >> Val MRR:0.4242 H@1:40.0% H@10:45.6% ** BEST **
  E 40/300 Loss:5.366 lr:5.00e-04 1s
  >> Val MRR:0.4232 (best:0.4242 p:1/30)
  >> Val MRR:0.4338 H@1:41.4% H@10:46.8% ** BEST **
  E 50/300 Loss:5.172 lr:5.00e-04 1s
  >> Val MRR:0.4347 H@1:41.0% H@10:47.0% ** BEST **
  >> Val MRR:0.4440 H@1:42.2% H@10:47.6% ** BEST **
  E 60/300 Loss:5.059 lr:5.00e-04 1s
  >> Val MRR:0.4448 H@1:42.2% H@10:49.0% ** BEST **
  >> Val MRR:0.4481 H@1:42.8% H@10:49.2% ** BEST **
  E 70/300 Loss:4.980 lr:5.00e-04 1s
  >> Val MRR:0.4551 H@1:43.6% H@10:48.8% ** BEST **
  >> Val MRR:0.4566 H@1:43.6% H@10:49.4% ** BEST **
  E 80/300 Loss:4.930 lr:5.00e-04 1s
  >> Val MRR:0.4621 H@1:44.6% H@10:49.8% ** BEST **
  >> Val MRR:0.4622 H@1:44.4% H@10:49.8% ** BEST **
  E 90/300 Loss:4.890 lr:5.00e-04 1s
  >> Val MRR:0.4620 (best:0.4622 p:1/30)
  >> Val MRR:0.4665 H@1:44.6% H@10:50.4% ** BEST **
  E100/300 Loss:4.858 lr:5.00e-04 1s
  >> Val MRR:0.4664 (best:0.4665 p:1/30)
  >> Val MRR:0.4703 H@1:45.0% H@10:50.6% ** BEST **
  E110/300 Loss:4.835 lr:5.00e-04 1s
  >> Val MRR:0.4680 (best:0.4703 p:1/30)
  >> Val MRR:0.4712 H@1:45.0% H@10:51.0% ** BEST **
  E120/300 Loss:4.817 lr:5.00e-04 1s
  >> Val MRR:0.4679 (best:0.4712 p:1/30)
  >> Val MRR:0.4687 (best:0.4712 p:2/30)
  E130/300 Loss:4.803 lr:5.00e-04 1s
  >> Val MRR:0.4692 (best:0.4712 p:3/30)
  E140/300 Loss:4.790 lr:5.00e-04 1s
  E150/300 Loss:4.779 lr:5.00e-04 1s
  >> Val MRR:0.4738 H@1:45.0% H@10:51.4% ** BEST **
  >> Val MRR:0.4699 (best:0.4738 p:1/30)
  E160/300 Loss:4.770 lr:5.00e-04 1s
  >> Val MRR:0.4713 (best:0.4738 p:2/30)
  >> Val MRR:0.4717 (best:0.4738 p:3/30)
  E170/300 Loss:4.760 lr:5.00e-04 1s
  >> Val MRR:0.4758 H@1:45.0% H@10:52.2% ** BEST **
  >> Val MRR:0.4761 H@1:45.4% H@10:52.4% ** BEST **
  E180/300 Loss:4.755 lr:1.50e-04 1s
  >> Val MRR:0.4759 (best:0.4761 p:1/30)
  >> Val MRR:0.4752 (best:0.4761 p:2/30)
  E190/300 Loss:4.729 lr:1.50e-04 1s
  >> Val MRR:0.4769 H@1:45.2% H@10:52.8% ** BEST **
  >> Val MRR:0.4756 (best:0.4769 p:1/30)
  E200/300 Loss:4.724 lr:1.50e-04 1s
  >> Val MRR:0.4767 (best:0.4769 p:2/30)
  >> Val MRR:0.4755 (best:0.4769 p:3/30)
  E210/300 Loss:4.719 lr:1.50e-04 1s
  E220/300 Loss:4.717 lr:1.50e-04 1s
  >> Val MRR:0.4778 H@1:45.2% H@10:53.2% ** BEST **
  >> Val MRR:0.4784 H@1:45.2% H@10:53.0% ** BEST **
  E230/300 Loss:4.713 lr:1.50e-04 1s
  >> Val MRR:0.4763 (best:0.4784 p:1/30)
  >> Val MRR:0.4769 (best:0.4784 p:2/30)
  E240/300 Loss:4.712 lr:4.50e-05 1s
  >> Val MRR:0.4787 H@1:45.2% H@10:52.8% ** BEST **
  >> Val MRR:0.4784 (best:0.4787 p:1/30)
  E250/300 Loss:4.705 lr:4.50e-05 1s
  >> Val MRR:0.4779 (best:0.4787 p:2/30)
  >> Val MRR:0.4771 (best:0.4787 p:3/30)
  E260/300 Loss:4.705 lr:4.50e-05 1s
  E270/300 Loss:4.701 lr:4.50e-05 1s
  E280/300 Loss:4.703 lr:4.50e-05 1s
  E290/300 Loss:4.700 lr:4.50e-05 1s
  >> Val MRR:0.4750 (best:0.4787 p:10/30)
  E300/300 Loss:4.699 lr:4.50e-05 1s
  Training done: 356s, best_val_MRR=0.4787
  Full test evaluation (3134 triples)...

  FINAL TEST: MRR=0.4637 H@1=43.3% H@3=47.7% H@10=52.0%
  Saved: /home/shanxh/decoder/WN18RR_d100_L2_ls0.3_seed123.json
=== WN18RR/DistMult@d100/seed123 rc=0 in 366s ===
=== [4/31] WN18RR/DistMult@d100/seed456 ===
Device: cuda, AMP: True
GPU: NVIDIA GeForce RTX 2080 Ti, 11.3 GB
======================================================================
CompGCN+DistMult | WN18RR | seed=456
d_h=100 L=2 lr=0.0005 ls=0.3 epochs=300
======================================================================
  KG: 40943 ent, 22 rel, 173670 edges
  Train/Val/Test: 86835/3034/3134
  Params: 4,141,700
  Training: epochs=300, lr=0.0005, batch=4096, ls=0.3
  Steps/epoch: 21
  E  1/300 Loss:11.194 lr:5.00e-04 2s
  >> Val MRR:0.0285 H@1:1.4% H@10:4.8% ** BEST **
  E 10/300 Loss:8.064 lr:5.00e-04 1s
  >> Val MRR:0.1723 H@1:13.2% H@10:23.8% ** BEST **
  >> Val MRR:0.2704 H@1:23.2% H@10:33.8% ** BEST **
  E 20/300 Loss:6.475 lr:5.00e-04 1s
  >> Val MRR:0.3499 H@1:31.4% H@10:41.0% ** BEST **
  >> Val MRR:0.3868 H@1:36.2% H@10:43.4% ** BEST **
  E 30/300 Loss:5.726 lr:5.00e-04 1s
  >> Val MRR:0.4052 H@1:37.6% H@10:47.0% ** BEST **
  >> Val MRR:0.4233 H@1:39.6% H@10:47.4% ** BEST **
  E 40/300 Loss:5.365 lr:5.00e-04 1s
  >> Val MRR:0.4299 H@1:40.6% H@10:48.2% ** BEST **
  >> Val MRR:0.4395 H@1:41.6% H@10:48.2% ** BEST **
  E 50/300 Loss:5.174 lr:5.00e-04 1s
  >> Val MRR:0.4411 H@1:41.6% H@10:48.6% ** BEST **
  >> Val MRR:0.4418 H@1:41.2% H@10:49.0% ** BEST **
  E 60/300 Loss:5.059 lr:5.00e-04 1s
  >> Val MRR:0.4538 H@1:43.2% H@10:49.8% ** BEST **
  >> Val MRR:0.4527 (best:0.4538 p:1/30)
  E 70/300 Loss:4.980 lr:5.00e-04 1s
  >> Val MRR:0.4521 (best:0.4538 p:2/30)
  >> Val MRR:0.4561 H@1:43.2% H@10:50.0% ** BEST **
  E 80/300 Loss:4.928 lr:5.00e-04 1s
  >> Val MRR:0.4576 H@1:43.4% H@10:50.0% ** BEST **
  >> Val MRR:0.4565 (best:0.4576 p:1/30)
  E 90/300 Loss:4.892 lr:5.00e-04 1s
  >> Val MRR:0.4611 H@1:44.0% H@10:49.8% ** BEST **
  >> Val MRR:0.4592 (best:0.4611 p:1/30)
  E100/300 Loss:4.858 lr:5.00e-04 1s
  >> Val MRR:0.4641 H@1:44.0% H@10:50.6% ** BEST **
  >> Val MRR:0.4642 H@1:43.8% H@10:51.4% ** BEST **
  E110/300 Loss:4.832 lr:5.00e-04 1s
  >> Val MRR:0.4618 (best:0.4642 p:1/30)
  >> Val MRR:0.4651 H@1:43.8% H@10:51.8% ** BEST **
  E120/300 Loss:4.814 lr:5.00e-04 1s
  >> Val MRR:0.4650 (best:0.4651 p:1/30)
  >> Val MRR:0.4631 (best:0.4651 p:2/30)
  E130/300 Loss:4.800 lr:5.00e-04 1s
  >> Val MRR:0.4686 H@1:44.6% H@10:51.6% ** BEST **
  >> Val MRR:0.4659 (best:0.4686 p:1/30)
  E140/300 Loss:4.787 lr:5.00e-04 1s
  >> Val MRR:0.4637 (best:0.4686 p:2/30)
  >> Val MRR:0.4647 (best:0.4686 p:3/30)
  E150/300 Loss:4.775 lr:5.00e-04 1s
  >> Val MRR:0.4710 H@1:44.6% H@10:52.0% ** BEST **
  >> Val MRR:0.4684 (best:0.4710 p:1/30)
  E160/300 Loss:4.765 lr:5.00e-04 1s
  >> Val MRR:0.4713 H@1:44.8% H@10:51.6% ** BEST **
  >> Val MRR:0.4688 (best:0.4713 p:1/30)
  E170/300 Loss:4.757 lr:5.00e-04 1s
  >> Val MRR:0.4688 (best:0.4713 p:2/30)
  >> Val MRR:0.4670 (best:0.4713 p:3/30)
  E180/300 Loss:4.750 lr:1.50e-04 1s
  E190/300 Loss:4.726 lr:1.50e-04 1s
  E200/300 Loss:4.722 lr:1.50e-04 1s
  E210/300 Loss:4.719 lr:1.50e-04 1s
  >> Val MRR:0.4698 (best:0.4713 p:10/30)
  E220/300 Loss:4.714 lr:1.50e-04 1s
  >> Val MRR:0.4721 H@1:44.4% H@10:53.0% ** BEST **
  >> Val MRR:0.4686 (best:0.4721 p:1/30)
  E230/300 Loss:4.713 lr:1.50e-04 1s
  >> Val MRR:0.4681 (best:0.4721 p:2/30)
  >> Val MRR:0.4674 (best:0.4721 p:3/30)
  E240/300 Loss:4.709 lr:4.50e-05 1s
  E250/300 Loss:4.703 lr:4.50e-05 1s
  E260/300 Loss:4.701 lr:4.50e-05 1s
  E270/300 Loss:4.702 lr:4.50e-05 1s
  >> Val MRR:0.4677 (best:0.4721 p:10/30)
  E280/300 Loss:4.699 lr:4.50e-05 1s
  E290/300 Loss:4.698 lr:4.50e-05 1s
  E300/300 Loss:4.696 lr:4.50e-05 1s
  Training done: 353s, best_val_MRR=0.4721
  Full test evaluation (3134 triples)...

  FINAL TEST: MRR=0.4662 H@1=43.5% H@3=47.9% H@10=52.5%
  Saved: /home/shanxh/decoder/WN18RR_d100_L2_ls0.3_seed456.json
=== WN18RR/DistMult@d100/seed456 rc=0 in 363s ===
=== [5/31] WN18RR/DistMult@d400/seed42 ===
Device: cuda, AMP: True
GPU: NVIDIA GeForce RTX 2080 Ti, 11.3 GB
======================================================================
CompGCN+DistMult | WN18RR | seed=42
d_h=400 L=2 lr=0.0005 ls=0.3 epochs=300
======================================================================
  KG: 40943 ent, 22 rel, 173670 edges
  Train/Val/Test: 86835/3034/3134
  Params: 17,046,800
  Training: epochs=300, lr=0.0005, batch=4096, ls=0.3
  Steps/epoch: 21
  E  1/300 Loss:11.164 lr:5.00e-04 3s
  >> Val MRR:0.3219 H@1:30.6% H@10:35.6% ** BEST **
  E 10/300 Loss:5.684 lr:5.00e-04 2s
  >> Val MRR:0.3803 H@1:37.0% H@10:39.8% ** BEST **
  >> Val MRR:0.3964 H@1:38.4% H@10:41.8% ** BEST **
  E 20/300 Loss:5.122 lr:5.00e-04 2s
  >> Val MRR:0.4026 H@1:39.0% H@10:42.2% ** BEST **
  >> Val MRR:0.4091 H@1:39.8% H@10:43.4% ** BEST **
  E 30/300 Loss:4.916 lr:5.00e-04 2s
  >> Val MRR:0.4168 H@1:40.0% H@10:44.6% ** BEST **
  >> Val MRR:0.4247 H@1:40.4% H@10:45.8% ** BEST **
  E 40/300 Loss:4.799 lr:5.00e-04 2s
  >> Val MRR:0.4249 H@1:40.4% H@10:46.2% ** BEST **
  >> Val MRR:0.4313 H@1:41.4% H@10:47.2% ** BEST **
  E 50/300 Loss:4.723 lr:5.00e-04 2s
  >> Val MRR:0.4333 H@1:41.6% H@10:47.4% ** BEST **
  >> Val MRR:0.4376 H@1:41.4% H@10:48.0% ** BEST **
  E 60/300 Loss:4.668 lr:5.00e-04 2s
  >> Val MRR:0.4408 H@1:41.8% H@10:48.4% ** BEST **
  >> Val MRR:0.4459 H@1:42.2% H@10:49.2% ** BEST **
  E 70/300 Loss:4.629 lr:5.00e-04 2s
  >> Val MRR:0.4506 H@1:42.6% H@10:50.0% ** BEST **
  >> Val MRR:0.4537 H@1:43.0% H@10:50.0% ** BEST **
  E 80/300 Loss:4.598 lr:5.00e-04 2s
  >> Val MRR:0.4572 H@1:43.4% H@10:50.4% ** BEST **
  >> Val MRR:0.4626 H@1:44.0% H@10:50.6% ** BEST **
  E 90/300 Loss:4.574 lr:5.00e-04 2s
  >> Val MRR:0.4616 (best:0.4626 p:1/30)
  >> Val MRR:0.4608 (best:0.4626 p:2/30)
  E100/300 Loss:4.553 lr:5.00e-04 2s
  >> Val MRR:0.4662 H@1:44.4% H@10:51.6% ** BEST **
  >> Val MRR:0.4657 (best:0.4662 p:1/30)
  E110/300 Loss:4.539 lr:5.00e-04 2s
  >> Val MRR:0.4661 (best:0.4662 p:2/30)
  >> Val MRR:0.4685 H@1:44.4% H@10:51.8% ** BEST **
  E120/300 Loss:4.524 lr:5.00e-04 2s
  >> Val MRR:0.4722 H@1:45.0% H@10:52.6% ** BEST **
  >> Val MRR:0.4742 H@1:44.8% H@10:53.0% ** BEST **
  E130/300 Loss:4.512 lr:5.00e-04 2s
  >> Val MRR:0.4713 (best:0.4742 p:1/30)
  >> Val MRR:0.4743 H@1:44.8% H@10:53.0% ** BEST **
  E140/300 Loss:4.502 lr:5.00e-04 2s
  >> Val MRR:0.4726 (best:0.4743 p:1/30)
  >> Val MRR:0.4751 H@1:44.8% H@10:52.8% ** BEST **
  E150/300 Loss:4.494 lr:5.00e-04 2s
  >> Val MRR:0.4744 (best:0.4751 p:1/30)
  >> Val MRR:0.4727 (best:0.4751 p:2/30)
  E160/300 Loss:4.485 lr:5.00e-04 2s
  >> Val MRR:0.4771 H@1:45.0% H@10:52.6% ** BEST **
  >> Val MRR:0.4741 (best:0.4771 p:1/30)
  E170/300 Loss:4.479 lr:5.00e-04 2s
  >> Val MRR:0.4799 H@1:45.4% H@10:52.6% ** BEST **
  >> Val MRR:0.4769 (best:0.4799 p:1/30)
  E180/300 Loss:4.473 lr:1.50e-04 2s
  >> Val MRR:0.4762 (best:0.4799 p:2/30)
  >> Val MRR:0.4765 (best:0.4799 p:3/30)
  E190/300 Loss:4.448 lr:1.50e-04 2s
  E200/300 Loss:4.444 lr:1.50e-04 2s
  E210/300 Loss:4.442 lr:1.50e-04 2s
  E220/300 Loss:4.439 lr:1.50e-04 2s
  >> Val MRR:0.4754 (best:0.4799 p:10/30)
  E230/300 Loss:4.438 lr:1.50e-04 2s
  E240/300 Loss:4.435 lr:4.50e-05 2s
  E250/300 Loss:4.428 lr:4.50e-05 2s
  E260/300 Loss:4.428 lr:4.50e-05 2s
  E270/300 Loss:4.426 lr:4.50e-05 2s
  >> Val MRR:0.4760 (best:0.4799 p:20/30)
  E280/300 Loss:4.424 lr:4.50e-05 2s
  E290/300 Loss:4.425 lr:4.50e-05 2s
  E300/300 Loss:4.423 lr:4.50e-05 2s
  Training done: 727s, best_val_MRR=0.4799
  Full test evaluation (3134 triples)...

  FINAL TEST: MRR=0.4670 H@1=43.4% H@3=48.4% H@10=52.7%
  Saved: /home/shanxh/decoder/WN18RR_d400_L2_ls0.3_seed42.json
=== WN18RR/DistMult@d400/seed42 rc=0 in 737s ===
=== [6/31] WN18RR/DistMult@d400/seed123 ===
Device: cuda, AMP: True
GPU: NVIDIA GeForce RTX 2080 Ti, 11.3 GB
======================================================================
CompGCN+DistMult | WN18RR | seed=123
d_h=400 L=2 lr=0.0005 ls=0.3 epochs=300
======================================================================
  KG: 40943 ent, 22 rel, 173670 edges
  Train/Val/Test: 86835/3034/3134
  Params: 17,046,800
  Training: epochs=300, lr=0.0005, batch=4096, ls=0.3
  Steps/epoch: 21
  E  1/300 Loss:11.169 lr:5.00e-04 3s
  >> Val MRR:0.3204 H@1:29.6% H@10:36.0% ** BEST **
  E 10/300 Loss:5.687 lr:5.00e-04 2s
  >> Val MRR:0.3983 H@1:38.4% H@10:42.4% ** BEST **
  >> Val MRR:0.4118 H@1:40.0% H@10:44.0% ** BEST **
  E 20/300 Loss:5.121 lr:5.00e-04 2s
  >> Val MRR:0.4186 H@1:40.2% H@10:45.2% ** BEST **
  >> Val MRR:0.4273 H@1:41.4% H@10:45.4% ** BEST **
  E 30/300 Loss:4.918 lr:5.00e-04 2s
  >> Val MRR:0.4314 H@1:41.4% H@10:46.4% ** BEST **
  >> Val MRR:0.4412 H@1:42.4% H@10:46.6% ** BEST **
  E 40/300 Loss:4.805 lr:5.00e-04 2s
  >> Val MRR:0.4402 (best:0.4412 p:1/30)
  >> Val MRR:0.4433 H@1:42.0% H@10:48.0% ** BEST **
  E 50/300 Loss:4.725 lr:5.00e-04 2s
  >> Val MRR:0.4467 H@1:42.6% H@10:47.8% ** BEST **
  >> Val MRR:0.4548 H@1:43.6% H@10:48.4% ** BEST **
  E 60/300 Loss:4.671 lr:5.00e-04 2s
  >> Val MRR:0.4553 H@1:43.6% H@10:48.4% ** BEST **
  >> Val MRR:0.4557 H@1:43.6% H@10:48.4% ** BEST **
  E 70/300 Loss:4.630 lr:5.00e-04 2s
  >> Val MRR:0.4589 H@1:44.0% H@10:48.8% ** BEST **
  >> Val MRR:0.4625 H@1:44.4% H@10:49.8% ** BEST **
  E 80/300 Loss:4.599 lr:5.00e-04 2s
  >> Val MRR:0.4621 (best:0.4625 p:1/30)
  >> Val MRR:0.4610 (best:0.4625 p:2/30)
  E 90/300 Loss:4.573 lr:5.00e-04 2s
  >> Val MRR:0.4634 H@1:44.4% H@10:49.8% ** BEST **
  >> Val MRR:0.4650 H@1:44.2% H@10:50.2% ** BEST **
  E100/300 Loss:4.553 lr:5.00e-04 2s
  >> Val MRR:0.4653 H@1:44.0% H@10:50.4% ** BEST **
  >> Val MRR:0.4676 H@1:44.2% H@10:51.0% ** BEST **
  E110/300 Loss:4.537 lr:5.00e-04 2s
  >> Val MRR:0.4688 H@1:44.4% H@10:50.8% ** BEST **
  >> Val MRR:0.4687 (best:0.4688 p:1/30)
  E120/300 Loss:4.525 lr:5.00e-04 2s
  >> Val MRR:0.4705 H@1:44.4% H@10:52.0% ** BEST **
  >> Val MRR:0.4714 H@1:44.6% H@10:51.6% ** BEST **
  E130/300 Loss:4.513 lr:5.00e-04 2s
  >> Val MRR:0.4720 H@1:44.6% H@10:51.8% ** BEST **
  >> Val MRR:0.4731 H@1:45.0% H@10:52.0% ** BEST **
  E140/300 Loss:4.503 lr:5.00e-04 2s
  >> Val MRR:0.4736 H@1:45.0% H@10:52.0% ** BEST **
  >> Val MRR:0.4752 H@1:45.4% H@10:52.6% ** BEST **
  E150/300 Loss:4.493 lr:5.00e-04 2s
  >> Val MRR:0.4759 H@1:45.2% H@10:52.4% ** BEST **
  >> Val MRR:0.4778 H@1:45.4% H@10:52.8% ** BEST **
  E160/300 Loss:4.486 lr:5.00e-04 2s
  >> Val MRR:0.4780 H@1:45.4% H@10:53.0% ** BEST **
  >> Val MRR:0.4779 (best:0.4780 p:1/30)
  E170/300 Loss:4.480 lr:5.00e-04 2s
  >> Val MRR:0.4782 H@1:45.4% H@10:53.2% ** BEST **
  >> Val MRR:0.4777 (best:0.4782 p:1/30)
  E180/300 Loss:4.471 lr:1.50e-04 2s
  >> Val MRR:0.4799 H@1:45.4% H@10:53.6% ** BEST **
  >> Val MRR:0.4796 (best:0.4799 p:1/30)
  E190/300 Loss:4.448 lr:1.50e-04 2s
  >> Val MRR:0.4807 H@1:45.6% H@10:53.8% ** BEST **
  >> Val MRR:0.4787 (best:0.4807 p:1/30)
  E200/300 Loss:4.445 lr:1.50e-04 2s
  >> Val MRR:0.4781 (best:0.4807 p:2/30)
  >> Val MRR:0.4793 (best:0.4807 p:3/30)
  E210/300 Loss:4.442 lr:1.50e-04 2s
  E220/300 Loss:4.440 lr:1.50e-04 2s
  >> Val MRR:0.4808 H@1:45.6% H@10:53.2% ** BEST **
  >> Val MRR:0.4798 (best:0.4808 p:1/30)
  E230/300 Loss:4.438 lr:1.50e-04 2s
  >> Val MRR:0.4799 (best:0.4808 p:2/30)
  >> Val MRR:0.4807 (best:0.4808 p:3/30)
  E240/300 Loss:4.436 lr:4.50e-05 2s
  >> Val MRR:0.4812 H@1:45.6% H@10:53.2% ** BEST **
  >> Val MRR:0.4813 H@1:45.6% H@10:53.2% ** BEST **
  E250/300 Loss:4.429 lr:4.50e-05 2s
  >> Val MRR:0.4831 H@1:45.8% H@10:53.2% ** BEST **
  >> Val MRR:0.4821 (best:0.4831 p:1/30)
  E260/300 Loss:4.427 lr:4.50e-05 2s
  >> Val MRR:0.4812 (best:0.4831 p:2/30)
  >> Val MRR:0.4819 (best:0.4831 p:3/30)
  E270/300 Loss:4.426 lr:4.50e-05 2s
  E280/300 Loss:4.425 lr:4.50e-05 2s
  E290/300 Loss:4.425 lr:4.50e-05 2s
  E300/300 Loss:4.423 lr:4.50e-05 2s
  >> Val MRR:0.4832 H@1:46.0% H@10:53.2% ** BEST **
  Training done: 730s, best_val_MRR=0.4832
  Full test evaluation (3134 triples)...

  FINAL TEST: MRR=0.4712 H@1=44.2% H@3=48.1% H@10=52.6%
  Saved: /home/shanxh/decoder/WN18RR_d400_L2_ls0.3_seed123.json
=== WN18RR/DistMult@d400/seed123 rc=0 in 740s ===
=== [7/31] WN18RR/DistMult@d400/seed456 ===
Device: cuda, AMP: True
GPU: NVIDIA GeForce RTX 2080 Ti, 11.3 GB
======================================================================
CompGCN+DistMult | WN18RR | seed=456
d_h=400 L=2 lr=0.0005 ls=0.3 epochs=300
======================================================================
  KG: 40943 ent, 22 rel, 173670 edges
  Train/Val/Test: 86835/3034/3134
  Params: 17,046,800
  Training: epochs=300, lr=0.0005, batch=4096, ls=0.3
  Steps/epoch: 21
  E  1/300 Loss:11.180 lr:5.00e-04 3s
  >> Val MRR:0.3279 H@1:31.0% H@10:36.4% ** BEST **
  E 10/300 Loss:5.685 lr:5.00e-04 2s
  >> Val MRR:0.3883 H@1:37.6% H@10:41.0% ** BEST **
  >> Val MRR:0.4048 H@1:39.4% H@10:42.6% ** BEST **
  E 20/300 Loss:5.124 lr:5.00e-04 2s
  >> Val MRR:0.4106 H@1:39.4% H@10:44.0% ** BEST **
  >> Val MRR:0.4177 H@1:40.2% H@10:44.2% ** BEST **
  E 30/300 Loss:4.916 lr:5.00e-04 2s
  >> Val MRR:0.4241 H@1:40.6% H@10:45.4% ** BEST **
  >> Val MRR:0.4297 H@1:41.0% H@10:46.4% ** BEST **
  E 40/300 Loss:4.799 lr:5.00e-04 2s
  >> Val MRR:0.4334 H@1:41.2% H@10:46.6% ** BEST **
  >> Val MRR:0.4403 H@1:42.2% H@10:47.8% ** BEST **
  E 50/300 Loss:4.720 lr:5.00e-04 2s
  >> Val MRR:0.4433 H@1:42.2% H@10:49.2% ** BEST **
  >> Val MRR:0.4478 H@1:42.8% H@10:48.8% ** BEST **
  E 60/300 Loss:4.668 lr:5.00e-04 2s
  >> Val MRR:0.4515 H@1:42.8% H@10:49.6% ** BEST **
  >> Val MRR:0.4572 H@1:43.2% H@10:49.0% ** BEST **
  E 70/300 Loss:4.627 lr:5.00e-04 2s
  >> Val MRR:0.4550 (best:0.4572 p:1/30)
  >> Val MRR:0.4569 (best:0.4572 p:2/30)
  E 80/300 Loss:4.597 lr:5.00e-04 2s
  >> Val MRR:0.4594 H@1:43.2% H@10:51.0% ** BEST **
  >> Val MRR:0.4621 H@1:43.8% H@10:51.0% ** BEST **
  E 90/300 Loss:4.573 lr:5.00e-04 2s
  >> Val MRR:0.4639 H@1:43.6% H@10:51.4% ** BEST **
  >> Val MRR:0.4631 (best:0.4639 p:1/30)
  E100/300 Loss:4.552 lr:5.00e-04 2s
  >> Val MRR:0.4695 H@1:44.4% H@10:51.4% ** BEST **
  >> Val MRR:0.4725 H@1:45.0% H@10:51.4% ** BEST **
  E110/300 Loss:4.535 lr:5.00e-04 2s
  >> Val MRR:0.4732 H@1:45.0% H@10:51.8% ** BEST **
  >> Val MRR:0.4726 (best:0.4732 p:1/30)
  E120/300 Loss:4.523 lr:5.00e-04 2s
  >> Val MRR:0.4689 (best:0.4732 p:2/30)
  >> Val MRR:0.4734 H@1:44.8% H@10:52.6% ** BEST **
  E130/300 Loss:4.511 lr:5.00e-04 2s
  >> Val MRR:0.4762 H@1:45.0% H@10:52.6% ** BEST **
  >> Val MRR:0.4788 H@1:45.2% H@10:53.4% ** BEST **
  E140/300 Loss:4.502 lr:5.00e-04 2s
  >> Val MRR:0.4785 (best:0.4788 p:1/30)
  >> Val MRR:0.4796 H@1:45.2% H@10:53.0% ** BEST **
  E150/300 Loss:4.492 lr:5.00e-04 2s
  >> Val MRR:0.4770 (best:0.4796 p:1/30)
  >> Val MRR:0.4819 H@1:45.8% H@10:53.2% ** BEST **
  E160/300 Loss:4.484 lr:5.00e-04 2s
  >> Val MRR:0.4810 (best:0.4819 p:1/30)
  >> Val MRR:0.4804 (best:0.4819 p:2/30)
  E170/300 Loss:4.477 lr:5.00e-04 2s
  >> Val MRR:0.4793 (best:0.4819 p:3/30)
  >> Val MRR:0.4827 H@1:45.6% H@10:54.6% ** BEST **
  E180/300 Loss:4.472 lr:1.50e-04 2s
  >> Val MRR:0.4831 H@1:45.6% H@10:53.0% ** BEST **
  >> Val MRR:0.4837 H@1:45.6% H@10:53.6% ** BEST **
  E190/300 Loss:4.447 lr:1.50e-04 2s
  >> Val MRR:0.4842 H@1:45.6% H@10:53.8% ** BEST **
  >> Val MRR:0.4851 H@1:45.8% H@10:54.0% ** BEST **
  E200/300 Loss:4.444 lr:1.50e-04 2s
  >> Val MRR:0.4814 (best:0.4851 p:1/30)
  >> Val MRR:0.4833 (best:0.4851 p:2/30)
  E210/300 Loss:4.441 lr:1.50e-04 2s
  >> Val MRR:0.4808 (best:0.4851 p:3/30)
  E220/300 Loss:4.440 lr:1.50e-04 2s
  E230/300 Loss:4.437 lr:1.50e-04 2s
  E240/300 Loss:4.435 lr:4.50e-05 2s
  >> Val MRR:0.4830 (best:0.4851 p:10/30)
  E250/300 Loss:4.428 lr:4.50e-05 2s
  E260/300 Loss:4.426 lr:4.50e-05 2s
  E270/300 Loss:4.426 lr:4.50e-05 2s
  E280/300 Loss:4.425 lr:4.50e-05 2s
  E290/300 Loss:4.425 lr:4.50e-05 2s
  >> Val MRR:0.4847 (best:0.4851 p:20/30)
  E300/300 Loss:4.423 lr:4.50e-05 2s
  >> Val MRR:0.4853 H@1:46.0% H@10:53.4% ** BEST **
  Training done: 728s, best_val_MRR=0.4853
  Full test evaluation (3134 triples)...

  FINAL TEST: MRR=0.4729 H@1=44.0% H@3=48.7% H@10=53.4%
  Saved: /home/shanxh/decoder/WN18RR_d400_L2_ls0.3_seed456.json
=== WN18RR/DistMult@d400/seed456 rc=0 in 738s ===
=== [8/31] WN18RR/ComplEx@d100/seed42 ===
Device: cuda, AMP: True
GPU: NVIDIA GeForce RTX 2080 Ti, 11.3 GB
======================================================================
CompGCN+DistMult | WN18RR | seed=42
d_h=100 L=2 lr=0.0005 ls=0.3 epochs=300
======================================================================
  KG: 40943 ent, 22 rel, 173670 edges
  Train/Val/Test: 86835/3034/3134
  Params: 4,141,700
  Training: epochs=300, lr=0.0005, batch=4096, ls=0.3
  Steps/epoch: 21
  E  1/300 Loss:12.885 lr:5.00e-04 2s
  >> Val MRR:0.0055 H@1:0.2% H@10:1.2% ** BEST **
  E 10/300 Loss:8.355 lr:5.00e-04 1s
  >> Val MRR:0.0267 H@1:1.2% H@10:4.0% ** BEST **
  >> Val MRR:0.1459 H@1:10.4% H@10:21.8% ** BEST **
  E 20/300 Loss:6.778 lr:5.00e-04 1s
  >> Val MRR:0.2497 H@1:20.6% H@10:33.0% ** BEST **
  >> Val MRR:0.3212 H@1:29.0% H@10:36.8% ** BEST **
  E 30/300 Loss:5.980 lr:5.00e-04 1s
  >> Val MRR:0.3666 H@1:33.6% H@10:41.8% ** BEST **
  >> Val MRR:0.3996 H@1:37.2% H@10:44.4% ** BEST **
  E 40/300 Loss:5.544 lr:5.00e-04 1s
  >> Val MRR:0.4030 H@1:37.6% H@10:44.4% ** BEST **
  >> Val MRR:0.4161 H@1:39.4% H@10:46.6% ** BEST **
  E 50/300 Loss:5.297 lr:5.00e-04 1s
  >> Val MRR:0.4244 H@1:40.2% H@10:46.8% ** BEST **
  >> Val MRR:0.4323 H@1:41.0% H@10:46.2% ** BEST **
  E 60/300 Loss:5.149 lr:5.00e-04 1s
  >> Val MRR:0.4433 H@1:42.6% H@10:47.6% ** BEST **
  >> Val MRR:0.4455 H@1:42.8% H@10:47.6% ** BEST **
  E 70/300 Loss:5.045 lr:5.00e-04 1s
  >> Val MRR:0.4496 H@1:43.2% H@10:48.0% ** BEST **
  >> Val MRR:0.4545 H@1:43.4% H@10:49.2% ** BEST **
  E 80/300 Loss:4.981 lr:5.00e-04 1s
  >> Val MRR:0.4589 H@1:43.8% H@10:48.8% ** BEST **
  >> Val MRR:0.4570 (best:0.4589 p:1/30)
  E 90/300 Loss:4.931 lr:5.00e-04 1s
  >> Val MRR:0.4564 (best:0.4589 p:2/30)
  >> Val MRR:0.4615 H@1:44.0% H@10:49.6% ** BEST **
  E100/300 Loss:4.895 lr:5.00e-04 1s
  >> Val MRR:0.4656 H@1:44.4% H@10:50.4% ** BEST **
  >> Val MRR:0.4651 (best:0.4656 p:1/30)
  E110/300 Loss:4.866 lr:5.00e-04 1s
  >> Val MRR:0.4730 H@1:45.2% H@10:50.6% ** BEST **
  >> Val MRR:0.4754 H@1:45.6% H@10:50.8% ** BEST **
  E120/300 Loss:4.839 lr:5.00e-04 1s
  >> Val MRR:0.4755 H@1:45.4% H@10:50.6% ** BEST **
  >> Val MRR:0.4776 H@1:45.8% H@10:50.8% ** BEST **
  E130/300 Loss:4.820 lr:5.00e-04 1s
  >> Val MRR:0.4794 H@1:46.0% H@10:51.2% ** BEST **
  >> Val MRR:0.4759 (best:0.4794 p:1/30)
  E140/300 Loss:4.801 lr:5.00e-04 1s
  >> Val MRR:0.4797 H@1:45.8% H@10:51.4% ** BEST **
  >> Val MRR:0.4799 H@1:45.8% H@10:51.4% ** BEST **
  E150/300 Loss:4.789 lr:5.00e-04 1s
  >> Val MRR:0.4812 H@1:46.2% H@10:51.6% ** BEST **
  >> Val MRR:0.4813 H@1:46.2% H@10:51.8% ** BEST **
  E160/300 Loss:4.776 lr:5.00e-04 1s
  >> Val MRR:0.4812 (best:0.4813 p:1/30)
  >> Val MRR:0.4833 H@1:46.2% H@10:52.4% ** BEST **
  E170/300 Loss:4.763 lr:5.00e-04 1s
  >> Val MRR:0.4802 (best:0.4833 p:1/30)
  >> Val MRR:0.4849 H@1:46.6% H@10:52.2% ** BEST **
  E180/300 Loss:4.754 lr:1.50e-04 1s
  >> Val MRR:0.4816 (best:0.4849 p:1/30)
  >> Val MRR:0.4823 (best:0.4849 p:2/30)
  E190/300 Loss:4.729 lr:1.50e-04 1s
  >> Val MRR:0.4817 (best:0.4849 p:3/30)
  E200/300 Loss:4.722 lr:1.50e-04 1s
  E210/300 Loss:4.717 lr:1.50e-04 1s
  E220/300 Loss:4.714 lr:1.50e-04 1s
  >> Val MRR:0.4835 (best:0.4849 p:10/30)
  E230/300 Loss:4.713 lr:1.50e-04 1s
  >> Val MRR:0.4858 H@1:46.6% H@10:51.8% ** BEST **
  E240/300 Loss:4.708 lr:4.50e-05 1s
  >> Val MRR:0.4845 (best:0.4858 p:1/30)
  >> Val MRR:0.4845 (best:0.4858 p:2/30)
  E250/300 Loss:4.699 lr:4.50e-05 1s
  >> Val MRR:0.4846 (best:0.4858 p:3/30)
  E260/300 Loss:4.700 lr:4.50e-05 1s
  >> Val MRR:0.4863 H@1:46.6% H@10:51.8% ** BEST **
  >> Val MRR:0.4860 (best:0.4863 p:1/30)
  E270/300 Loss:4.697 lr:4.50e-05 1s
  >> Val MRR:0.4860 (best:0.4863 p:2/30)
  >> Val MRR:0.4850 (best:0.4863 p:3/30)
  E280/300 Loss:4.696 lr:4.50e-05 1s
  E290/300 Loss:4.694 lr:4.50e-05 1s
  >> Val MRR:0.4863 H@1:46.6% H@10:52.0% ** BEST **
  E300/300 Loss:4.695 lr:4.50e-05 1s
  >> Val MRR:0.4875 H@1:46.8% H@10:52.0% ** BEST **
  Training done: 390s, best_val_MRR=0.4875
  Full test evaluation (3134 triples)...

  FINAL TEST: MRR=0.4670 H@1=43.8% H@3=48.0% H@10=51.9%
  Saved: /home/shanxh/decoder/WN18RR_d100_L2_ls0.3_ComplEx_seed42.json
=== WN18RR/ComplEx@d100/seed42 rc=0 in 400s ===
=== [9/31] WN18RR/ComplEx@d100/seed123 ===
Device: cuda, AMP: True
GPU: NVIDIA GeForce RTX 2080 Ti, 11.3 GB
======================================================================
CompGCN+DistMult | WN18RR | seed=123
d_h=100 L=2 lr=0.0005 ls=0.3 epochs=300
======================================================================
  KG: 40943 ent, 22 rel, 173670 edges
  Train/Val/Test: 86835/3034/3134
  Params: 4,141,700
  Training: epochs=300, lr=0.0005, batch=4096, ls=0.3
  Steps/epoch: 21
  E  1/300 Loss:13.021 lr:5.00e-04 2s
  >> Val MRR:0.0081 H@1:0.6% H@10:1.0% ** BEST **
  E 10/300 Loss:8.302 lr:5.00e-04 1s
  >> Val MRR:0.0439 H@1:2.6% H@10:7.6% ** BEST **
  >> Val MRR:0.1515 H@1:11.4% H@10:22.2% ** BEST **
  E 20/300 Loss:6.771 lr:5.00e-04 1s
  >> Val MRR:0.2483 H@1:20.8% H@10:31.6% ** BEST **
  >> Val MRR:0.3255 H@1:29.4% H@10:38.2% ** BEST **
  E 30/300 Loss:6.005 lr:5.00e-04 1s
  >> Val MRR:0.3622 H@1:33.2% H@10:41.2% ** BEST **
  >> Val MRR:0.3859 H@1:35.4% H@10:44.4% ** BEST **
  E 40/300 Loss:5.576 lr:5.00e-04 1s
  >> Val MRR:0.4143 H@1:38.8% H@10:46.0% ** BEST **
  >> Val MRR:0.4273 H@1:40.6% H@10:46.8% ** BEST **
  E 50/300 Loss:5.323 lr:5.00e-04 1s
  >> Val MRR:0.4327 H@1:40.8% H@10:47.2% ** BEST **
  >> Val MRR:0.4414 H@1:42.0% H@10:48.2% ** BEST **
  E 60/300 Loss:5.173 lr:5.00e-04 1s
  >> Val MRR:0.4504 H@1:43.2% H@10:48.4% ** BEST **
  >> Val MRR:0.4507 H@1:43.4% H@10:48.8% ** BEST **
  E 70/300 Loss:5.075 lr:5.00e-04 1s
  >> Val MRR:0.4566 H@1:43.6% H@10:49.4% ** BEST **
  >> Val MRR:0.4590 H@1:44.0% H@10:49.8% ** BEST **
  E 80/300 Loss:5.003 lr:5.00e-04 1s
  >> Val MRR:0.4622 H@1:44.0% H@10:49.4% ** BEST **
  >> Val MRR:0.4597 (best:0.4622 p:1/30)
  E 90/300 Loss:4.951 lr:5.00e-04 1s
  >> Val MRR:0.4695 H@1:45.0% H@10:51.0% ** BEST **
  >> Val MRR:0.4691 (best:0.4695 p:1/30)
  E100/300 Loss:4.910 lr:5.00e-04 1s
  >> Val MRR:0.4725 H@1:44.8% H@10:51.8% ** BEST **
  >> Val MRR:0.4730 H@1:45.4% H@10:51.2% ** BEST **
  E110/300 Loss:4.878 lr:5.00e-04 1s
  >> Val MRR:0.4740 H@1:45.4% H@10:51.0% ** BEST **
  >> Val MRR:0.4723 (best:0.4740 p:1/30)
  E120/300 Loss:4.853 lr:5.00e-04 1s
  >> Val MRR:0.4716 (best:0.4740 p:2/30)
  >> Val MRR:0.4787 H@1:46.2% H@10:51.8% ** BEST **
  E130/300 Loss:4.831 lr:5.00e-04 1s
  >> Val MRR:0.4751 (best:0.4787 p:1/30)
  >> Val MRR:0.4774 (best:0.4787 p:2/30)
  E140/300 Loss:4.813 lr:5.00e-04 1s
  >> Val MRR:0.4788 H@1:45.8% H@10:52.4% ** BEST **
  >> Val MRR:0.4796 H@1:45.8% H@10:52.8% ** BEST **
  E150/300 Loss:4.797 lr:5.00e-04 1s
  >> Val MRR:0.4807 H@1:46.0% H@10:52.0% ** BEST **
  >> Val MRR:0.4852 H@1:46.6% H@10:52.6% ** BEST **
  E160/300 Loss:4.785 lr:5.00e-04 1s
  >> Val MRR:0.4839 (best:0.4852 p:1/30)
  >> Val MRR:0.4870 H@1:46.6% H@10:53.2% ** BEST **
  E170/300 Loss:4.772 lr:5.00e-04 1s
  >> Val MRR:0.4909 H@1:47.2% H@10:52.2% ** BEST **
  >> Val MRR:0.4897 (best:0.4909 p:1/30)
  E180/300 Loss:4.760 lr:1.50e-04 1s
  >> Val MRR:0.4884 (best:0.4909 p:2/30)
  >> Val MRR:0.4905 (best:0.4909 p:3/30)
  E190/300 Loss:4.734 lr:1.50e-04 1s
  E200/300 Loss:4.728 lr:1.50e-04 1s
  >> Val MRR:0.4925 H@1:47.2% H@10:53.2% ** BEST **
  E210/300 Loss:4.723 lr:1.50e-04 1s
  >> Val MRR:0.4912 (best:0.4925 p:1/30)
  >> Val MRR:0.4899 (best:0.4925 p:2/30)
  E220/300 Loss:4.720 lr:1.50e-04 1s
  >> Val MRR:0.4920 (best:0.4925 p:3/30)
  >> Val MRR:0.4930 H@1:47.2% H@10:53.2% ** BEST **
  E230/300 Loss:4.717 lr:1.50e-04 1s
  >> Val MRR:0.4935 H@1:47.4% H@10:53.0% ** BEST **
  >> Val MRR:0.4917 (best:0.4935 p:1/30)
  E240/300 Loss:4.712 lr:4.50e-05 1s
  >> Val MRR:0.4902 (best:0.4935 p:2/30)
  >> Val MRR:0.4915 (best:0.4935 p:3/30)
  E250/300 Loss:4.705 lr:4.50e-05 1s
  E260/300 Loss:4.704 lr:4.50e-05 1s
  E270/300 Loss:4.704 lr:4.50e-05 1s
  E280/300 Loss:4.701 lr:4.50e-05 1s
  >> Val MRR:0.4932 (best:0.4935 p:10/30)
  >> Val MRR:0.4939 H@1:47.4% H@10:53.6% ** BEST **
  E290/300 Loss:4.700 lr:4.50e-05 1s
  >> Val MRR:0.4928 (best:0.4939 p:1/30)
  >> Val MRR:0.4928 (best:0.4939 p:2/30)
  E300/300 Loss:4.699 lr:4.50e-05 1s
  >> Val MRR:0.4934 (best:0.4939 p:3/30)
  Training done: 390s, best_val_MRR=0.4939
  Full test evaluation (3134 triples)...

  FINAL TEST: MRR=0.4736 H@1=44.7% H@3=48.6% H@10=52.1%
  Saved: /home/shanxh/decoder/WN18RR_d100_L2_ls0.3_ComplEx_seed123.json
=== WN18RR/ComplEx@d100/seed123 rc=0 in 400s ===
=== [10/31] WN18RR/ComplEx@d100/seed456 ===
Device: cuda, AMP: True
GPU: NVIDIA GeForce RTX 2080 Ti, 11.3 GB
======================================================================
CompGCN+DistMult | WN18RR | seed=456
d_h=100 L=2 lr=0.0005 ls=0.3 epochs=300
======================================================================
  KG: 40943 ent, 22 rel, 173670 edges
  Train/Val/Test: 86835/3034/3134
  Params: 4,141,700
  Training: epochs=300, lr=0.0005, batch=4096, ls=0.3
  Steps/epoch: 21
  E  1/300 Loss:12.738 lr:5.00e-04 2s
  >> Val MRR:0.0069 H@1:0.4% H@10:1.2% ** BEST **
  E 10/300 Loss:8.389 lr:5.00e-04 1s
  >> Val MRR:0.0332 H@1:1.8% H@10:6.0% ** BEST **
  >> Val MRR:0.1214 H@1:8.2% H@10:19.0% ** BEST **
  E 20/300 Loss:6.803 lr:5.00e-04 1s
  >> Val MRR:0.2381 H@1:20.2% H@10:31.4% ** BEST **
  >> Val MRR:0.3121 H@1:27.2% H@10:38.0% ** BEST **
  E 30/300 Loss:5.996 lr:5.00e-04 1s
  >> Val MRR:0.3627 H@1:33.8% H@10:41.0% ** BEST **
  >> Val MRR:0.3943 H@1:37.8% H@10:42.6% ** BEST **
  E 40/300 Loss:5.557 lr:5.00e-04 1s
  >> Val MRR:0.4108 H@1:39.0% H@10:44.6% ** BEST **
  >> Val MRR:0.4175 H@1:40.2% H@10:45.4% ** BEST **
  E 50/300 Loss:5.302 lr:5.00e-04 1s
  >> Val MRR:0.4281 H@1:41.4% H@10:45.0% ** BEST **
  >> Val MRR:0.4350 H@1:42.0% H@10:46.2% ** BEST **
  E 60/300 Loss:5.153 lr:5.00e-04 1s
  >> Val MRR:0.4356 H@1:41.8% H@10:46.4% ** BEST **
  >> Val MRR:0.4446 H@1:42.4% H@10:47.8% ** BEST **
  E 70/300 Loss:5.055 lr:5.00e-04 1s
  >> Val MRR:0.4468 H@1:43.0% H@10:48.2% ** BEST **
  >> Val MRR:0.4512 H@1:43.2% H@10:48.6% ** BEST **
  E 80/300 Loss:4.982 lr:5.00e-04 1s
  >> Val MRR:0.4546 H@1:43.6% H@10:49.8% ** BEST **
  >> Val MRR:0.4571 H@1:43.8% H@10:49.4% ** BEST **
  E 90/300 Loss:4.934 lr:5.00e-04 1s
  >> Val MRR:0.4548 (best:0.4571 p:1/30)
  >> Val MRR:0.4604 H@1:43.8% H@10:49.6% ** BEST **
  E100/300 Loss:4.891 lr:5.00e-04 1s
  >> Val MRR:0.4574 (best:0.4604 p:1/30)
  >> Val MRR:0.4675 H@1:44.6% H@10:50.6% ** BEST **
  E110/300 Loss:4.860 lr:5.00e-04 1s
  >> Val MRR:0.4611 (best:0.4675 p:1/30)
  >> Val MRR:0.4646 (best:0.4675 p:2/30)
  E120/300 Loss:4.838 lr:5.00e-04 1s
  >> Val MRR:0.4712 H@1:45.0% H@10:51.6% ** BEST **
  >> Val MRR:0.4710 (best:0.4712 p:1/30)
  E130/300 Loss:4.818 lr:5.00e-04 1s
  >> Val MRR:0.4728 H@1:44.6% H@10:52.0% ** BEST **
  >> Val MRR:0.4750 H@1:45.0% H@10:51.4% ** BEST **
  E140/300 Loss:4.799 lr:5.00e-04 1s
  >> Val MRR:0.4778 H@1:45.6% H@10:51.8% ** BEST **
  >> Val MRR:0.4741 (best:0.4778 p:1/30)
  E150/300 Loss:4.788 lr:5.00e-04 1s
  >> Val MRR:0.4745 (best:0.4778 p:2/30)
  >> Val MRR:0.4732 (best:0.4778 p:3/30)
  E160/300 Loss:4.774 lr:5.00e-04 1s
  E170/300 Loss:4.762 lr:5.00e-04 1s
  >> Val MRR:0.4778 H@1:45.4% H@10:51.8% ** BEST **
  >> Val MRR:0.4787 H@1:45.4% H@10:52.4% ** BEST **
  E180/300 Loss:4.753 lr:1.50e-04 1s
  >> Val MRR:0.4787 H@1:45.6% H@10:52.0% ** BEST **
  >> Val MRR:0.4784 (best:0.4787 p:1/30)
  E190/300 Loss:4.727 lr:1.50e-04 1s
  >> Val MRR:0.4770 (best:0.4787 p:2/30)
  >> Val MRR:0.4785 (best:0.4787 p:3/30)
  E200/300 Loss:4.721 lr:1.50e-04 1s
  >> Val MRR:0.4791 H@1:45.8% H@10:51.4% ** BEST **
  >> Val MRR:0.4782 (best:0.4791 p:1/30)
  E210/300 Loss:4.717 lr:1.50e-04 1s
  >> Val MRR:0.4775 (best:0.4791 p:2/30)
  >> Val MRR:0.4790 (best:0.4791 p:3/30)
  E220/300 Loss:4.713 lr:1.50e-04 1s
  >> Val MRR:0.4799 H@1:45.8% H@10:51.4% ** BEST **
  >> Val MRR:0.4796 (best:0.4799 p:1/30)
  E230/300 Loss:4.710 lr:1.50e-04 1s
  >> Val MRR:0.4797 (best:0.4799 p:2/30)
  >> Val MRR:0.4802 H@1:45.8% H@10:51.2% ** BEST **
  E240/300 Loss:4.707 lr:4.50e-05 1s
  >> Val MRR:0.4815 H@1:46.2% H@10:52.0% ** BEST **
  >> Val MRR:0.4792 (best:0.4815 p:1/30)
  E250/300 Loss:4.701 lr:4.50e-05 1s
  >> Val MRR:0.4814 (best:0.4815 p:2/30)
  >> Val MRR:0.4813 (best:0.4815 p:3/30)
  E260/300 Loss:4.698 lr:4.50e-05 1s
  >> Val MRR:0.4816 H@1:46.2% H@10:51.8% ** BEST **
  >> Val MRR:0.4829 H@1:46.4% H@10:51.8% ** BEST **
  E270/300 Loss:4.696 lr:4.50e-05 1s
  >> Val MRR:0.4825 (best:0.4829 p:1/30)
  >> Val MRR:0.4823 (best:0.4829 p:2/30)
  E280/300 Loss:4.693 lr:4.50e-05 1s
  >> Val MRR:0.4831 H@1:46.4% H@10:51.4% ** BEST **
  >> Val MRR:0.4832 H@1:46.4% H@10:51.8% ** BEST **
  E290/300 Loss:4.693 lr:4.50e-05 1s
  >> Val MRR:0.4843 H@1:46.6% H@10:51.8% ** BEST **
  >> Val MRR:0.4832 (best:0.4843 p:1/30)
  E300/300 Loss:4.692 lr:4.50e-05 1s
  >> Val MRR:0.4818 (best:0.4843 p:2/30)
  Training done: 391s, best_val_MRR=0.4843
  Full test evaluation (3134 triples)...

  FINAL TEST: MRR=0.4703 H@1=44.4% H@3=48.2% H@10=51.7%
  Saved: /home/shanxh/decoder/WN18RR_d100_L2_ls0.3_ComplEx_seed456.json
=== WN18RR/ComplEx@d100/seed456 rc=0 in 400s ===
=== [11/31] WN18RR/ComplEx@d400/seed42 ===
Device: cuda, AMP: True
GPU: NVIDIA GeForce RTX 2080 Ti, 11.3 GB
======================================================================
CompGCN+DistMult | WN18RR | seed=42
d_h=400 L=2 lr=0.0005 ls=0.3 epochs=300
======================================================================
  KG: 40943 ent, 22 rel, 173670 edges
  Train/Val/Test: 86835/3034/3134
  Params: 17,046,800
  Training: epochs=300, lr=0.0005, batch=4096, ls=0.3
  Steps/epoch: 21
  E  1/300 Loss:13.569 lr:5.00e-04 3s
  >> Val MRR:0.0556 H@1:3.4% H@10:8.8% ** BEST **
  E 10/300 Loss:5.721 lr:5.00e-04 2s
  >> Val MRR:0.3072 H@1:27.8% H@10:36.0% ** BEST **
  >> Val MRR:0.3850 H@1:37.0% H@10:41.4% ** BEST **
  E 20/300 Loss:5.130 lr:5.00e-04 2s
  >> Val MRR:0.4058 H@1:39.6% H@10:42.6% ** BEST **
  >> Val MRR:0.4132 H@1:39.8% H@10:44.4% ** BEST **
  E 30/300 Loss:4.912 lr:5.00e-04 2s
  >> Val MRR:0.4187 H@1:40.4% H@10:44.8% ** BEST **
  >> Val MRR:0.4254 H@1:40.6% H@10:45.2% ** BEST **
  E 40/300 Loss:4.790 lr:5.00e-04 2s
  >> Val MRR:0.4283 H@1:41.2% H@10:46.0% ** BEST **
  >> Val MRR:0.4335 H@1:41.8% H@10:45.8% ** BEST **
  E 50/300 Loss:4.709 lr:5.00e-04 2s
  >> Val MRR:0.4387 H@1:42.2% H@10:46.6% ** BEST **
  >> Val MRR:0.4437 H@1:42.8% H@10:47.0% ** BEST **
  E 60/300 Loss:4.654 lr:5.00e-04 2s
  >> Val MRR:0.4443 H@1:42.8% H@10:47.0% ** BEST **
  >> Val MRR:0.4487 H@1:43.2% H@10:48.0% ** BEST **
  E 70/300 Loss:4.610 lr:5.00e-04 2s
  >> Val MRR:0.4498 H@1:43.0% H@10:48.6% ** BEST **
  >> Val MRR:0.4552 H@1:43.8% H@10:48.2% ** BEST **
  E 80/300 Loss:4.573 lr:5.00e-04 2s
  >> Val MRR:0.4544 (best:0.4552 p:1/30)
  >> Val MRR:0.4598 H@1:44.4% H@10:48.8% ** BEST **
  E 90/300 Loss:4.548 lr:5.00e-04 2s
  >> Val MRR:0.4604 H@1:44.0% H@10:49.2% ** BEST **
  >> Val MRR:0.4582 (best:0.4604 p:1/30)
  E100/300 Loss:4.524 lr:5.00e-04 2s
  >> Val MRR:0.4646 H@1:44.6% H@10:50.0% ** BEST **
  >> Val MRR:0.4657 H@1:44.4% H@10:50.6% ** BEST **
  E110/300 Loss:4.508 lr:5.00e-04 2s
  >> Val MRR:0.4661 H@1:44.2% H@10:50.2% ** BEST **
  >> Val MRR:0.4701 H@1:44.8% H@10:51.6% ** BEST **
  E120/300 Loss:4.492 lr:5.00e-04 2s
  >> Val MRR:0.4746 H@1:45.4% H@10:51.0% ** BEST **
  >> Val MRR:0.4742 (best:0.4746 p:1/30)
  E130/300 Loss:4.479 lr:5.00e-04 2s
  >> Val MRR:0.4763 H@1:45.8% H@10:51.2% ** BEST **
  >> Val MRR:0.4735 (best:0.4763 p:1/30)
  E140/300 Loss:4.466 lr:5.00e-04 2s
  >> Val MRR:0.4809 H@1:46.2% H@10:50.8% ** BEST **
  >> Val MRR:0.4784 (best:0.4809 p:1/30)
  E150/300 Loss:4.458 lr:5.00e-04 2s
  >> Val MRR:0.4768 (best:0.4809 p:2/30)
  >> Val MRR:0.4799 (best:0.4809 p:3/30)
  E160/300 Loss:4.447 lr:5.00e-04 2s
  >> Val MRR:0.4826 H@1:46.2% H@10:52.2% ** BEST **
  >> Val MRR:0.4830 H@1:46.2% H@10:52.2% ** BEST **
  E170/300 Loss:4.441 lr:5.00e-04 2s
  >> Val MRR:0.4824 (best:0.4830 p:1/30)
  >> Val MRR:0.4884 H@1:46.6% H@10:53.4% ** BEST **
  E180/300 Loss:4.434 lr:1.50e-04 2s
  >> Val MRR:0.4871 (best:0.4884 p:1/30)
  >> Val MRR:0.4890 H@1:46.6% H@10:53.2% ** BEST **
  E190/300 Loss:4.409 lr:1.50e-04 2s
  >> Val MRR:0.4861 (best:0.4890 p:1/30)
  >> Val MRR:0.4875 (best:0.4890 p:2/30)
  E200/300 Loss:4.404 lr:1.50e-04 2s
  >> Val MRR:0.4870 (best:0.4890 p:3/30)
  E210/300 Loss:4.402 lr:1.50e-04 2s
  E220/300 Loss:4.398 lr:1.50e-04 2s
  E230/300 Loss:4.396 lr:1.50e-04 2s
  >> Val MRR:0.4883 (best:0.4890 p:10/30)
  E240/300 Loss:4.396 lr:4.50e-05 2s
  E250/300 Loss:4.388 lr:4.50e-05 2s
  E260/300 Loss:4.387 lr:4.50e-05 2s
  E270/300 Loss:4.385 lr:4.50e-05 2s
  E280/300 Loss:4.384 lr:4.50e-05 2s
  >> Val MRR:0.4872 (best:0.4890 p:20/30)
  E290/300 Loss:4.383 lr:4.50e-05 2s
  E300/300 Loss:4.383 lr:4.50e-05 2s
  Training done: 762s, best_val_MRR=0.4890
  Full test evaluation (3134 triples)...

  FINAL TEST: MRR=0.4787 H@1=45.3% H@3=49.1% H@10=52.7%
  Saved: /home/shanxh/decoder/WN18RR_d400_L2_ls0.3_ComplEx_seed42.json
=== WN18RR/ComplEx@d400/seed42 rc=0 in 772s ===
=== [12/31] WN18RR/ComplEx@d400/seed123 ===
Device: cuda, AMP: True
GPU: NVIDIA GeForce RTX 2080 Ti, 11.3 GB
======================================================================
CompGCN+DistMult | WN18RR | seed=123
d_h=400 L=2 lr=0.0005 ls=0.3 epochs=300
======================================================================
  KG: 40943 ent, 22 rel, 173670 edges
  Train/Val/Test: 86835/3034/3134
  Params: 17,046,800
  Training: epochs=300, lr=0.0005, batch=4096, ls=0.3
  Steps/epoch: 21
  E  1/300 Loss:13.541 lr:5.00e-04 3s
  >> Val MRR:0.0648 H@1:3.4% H@10:12.2% ** BEST **
  E 10/300 Loss:5.723 lr:5.00e-04 2s
  >> Val MRR:0.3390 H@1:32.0% H@10:38.0% ** BEST **
  >> Val MRR:0.3918 H@1:37.8% H@10:41.8% ** BEST **
  E 20/300 Loss:5.129 lr:5.00e-04 2s
  >> Val MRR:0.4070 H@1:39.2% H@10:43.6% ** BEST **
  >> Val MRR:0.4108 H@1:39.4% H@10:44.2% ** BEST **
  E 30/300 Loss:4.912 lr:5.00e-04 2s
  >> Val MRR:0.4229 H@1:40.8% H@10:45.0% ** BEST **
  >> Val MRR:0.4337 H@1:42.2% H@10:46.0% ** BEST **
  E 40/300 Loss:4.794 lr:5.00e-04 2s
  >> Val MRR:0.4358 H@1:41.8% H@10:46.4% ** BEST **
  >> Val MRR:0.4450 H@1:43.2% H@10:46.8% ** BEST **
  E 50/300 Loss:4.712 lr:5.00e-04 2s
  >> Val MRR:0.4489 H@1:43.6% H@10:47.2% ** BEST **
  >> Val MRR:0.4519 H@1:43.8% H@10:47.6% ** BEST **
  E 60/300 Loss:4.653 lr:5.00e-04 2s
  >> Val MRR:0.4563 H@1:43.8% H@10:48.4% ** BEST **
  >> Val MRR:0.4574 H@1:43.8% H@10:48.6% ** BEST **
  E 70/300 Loss:4.609 lr:5.00e-04 2s
  >> Val MRR:0.4566 (best:0.4574 p:1/30)
  >> Val MRR:0.4655 H@1:44.8% H@10:49.6% ** BEST **
  E 80/300 Loss:4.578 lr:5.00e-04 2s
  >> Val MRR:0.4636 (best:0.4655 p:1/30)
  >> Val MRR:0.4694 H@1:45.2% H@10:50.0% ** BEST **
  E 90/300 Loss:4.548 lr:5.00e-04 2s
  >> Val MRR:0.4691 (best:0.4694 p:1/30)
  >> Val MRR:0.4693 (best:0.4694 p:2/30)
  E100/300 Loss:4.529 lr:5.00e-04 2s
  >> Val MRR:0.4743 H@1:45.6% H@10:50.6% ** BEST **
  >> Val MRR:0.4748 H@1:45.6% H@10:50.4% ** BEST **
  E110/300 Loss:4.510 lr:5.00e-04 2s
  >> Val MRR:0.4769 H@1:45.8% H@10:50.8% ** BEST **
  >> Val MRR:0.4825 H@1:46.6% H@10:51.2% ** BEST **
  E120/300 Loss:4.495 lr:5.00e-04 2s
  >> Val MRR:0.4810 (best:0.4825 p:1/30)
  >> Val MRR:0.4793 (best:0.4825 p:2/30)
  E130/300 Loss:4.481 lr:5.00e-04 2s
  >> Val MRR:0.4841 H@1:46.4% H@10:52.4% ** BEST **
  >> Val MRR:0.4833 (best:0.4841 p:1/30)
  E140/300 Loss:4.469 lr:5.00e-04 2s
  >> Val MRR:0.4872 H@1:46.4% H@10:52.6% ** BEST **
  >> Val MRR:0.4920 H@1:47.2% H@10:52.4% ** BEST **
  E150/300 Loss:4.459 lr:5.00e-04 2s
  >> Val MRR:0.4925 H@1:47.2% H@10:52.6% ** BEST **
  >> Val MRR:0.4903 (best:0.4925 p:1/30)
  E160/300 Loss:4.450 lr:5.00e-04 2s
  >> Val MRR:0.4920 (best:0.4925 p:2/30)
  >> Val MRR:0.4929 H@1:47.0% H@10:53.0% ** BEST **
  E170/300 Loss:4.442 lr:5.00e-04 2s
  >> Val MRR:0.4932 H@1:47.2% H@10:53.0% ** BEST **
  >> Val MRR:0.4944 H@1:47.0% H@10:53.8% ** BEST **
  E180/300 Loss:4.435 lr:1.50e-04 2s
  >> Val MRR:0.4960 H@1:47.2% H@10:53.2% ** BEST **
  >> Val MRR:0.4972 H@1:47.4% H@10:53.6% ** BEST **
  E190/300 Loss:4.411 lr:1.50e-04 2s
  >> Val MRR:0.4984 H@1:47.6% H@10:53.8% ** BEST **
  >> Val MRR:0.4969 (best:0.4984 p:1/30)
  E200/300 Loss:4.408 lr:1.50e-04 2s
  >> Val MRR:0.4987 H@1:47.6% H@10:54.0% ** BEST **
  >> Val MRR:0.4971 (best:0.4987 p:1/30)
  E210/300 Loss:4.404 lr:1.50e-04 2s
  >> Val MRR:0.4972 (best:0.4987 p:2/30)
  >> Val MRR:0.4961 (best:0.4987 p:3/30)
  E220/300 Loss:4.401 lr:1.50e-04 2s
  E230/300 Loss:4.399 lr:1.50e-04 2s
  >> Val MRR:0.4994 H@1:47.8% H@10:54.2% ** BEST **
  >> Val MRR:0.4992 (best:0.4994 p:1/30)
  E240/300 Loss:4.396 lr:4.50e-05 2s
  >> Val MRR:0.4998 H@1:47.8% H@10:54.0% ** BEST **
  >> Val MRR:0.5007 H@1:48.0% H@10:54.2% ** BEST **
  E250/300 Loss:4.389 lr:4.50e-05 2s
  >> Val MRR:0.4975 (best:0.5007 p:1/30)
  >> Val MRR:0.4975 (best:0.5007 p:2/30)
  E260/300 Loss:4.388 lr:4.50e-05 2s
  >> Val MRR:0.4984 (best:0.5007 p:3/30)
  E270/300 Loss:4.387 lr:4.50e-05 2s
  E280/300 Loss:4.385 lr:4.50e-05 2s
  E290/300 Loss:4.386 lr:4.50e-05 2s
  >> Val MRR:0.4959 (best:0.5007 p:10/30)
  E300/300 Loss:4.383 lr:4.50e-05 2s
  Training done: 763s, best_val_MRR=0.5007
  Full test evaluation (3134 triples)...

  FINAL TEST: MRR=0.4818 H@1=45.4% H@3=49.0% H@10=53.3%
  Saved: /home/shanxh/decoder/WN18RR_d400_L2_ls0.3_ComplEx_seed123.json
=== WN18RR/ComplEx@d400/seed123 rc=0 in 773s ===
=== [13/31] WN18RR/ComplEx@d400/seed456 ===
Device: cuda, AMP: True
GPU: NVIDIA GeForce RTX 2080 Ti, 11.3 GB
======================================================================
CompGCN+DistMult | WN18RR | seed=456
d_h=400 L=2 lr=0.0005 ls=0.3 epochs=300
======================================================================
  KG: 40943 ent, 22 rel, 173670 edges
  Train/Val/Test: 86835/3034/3134
  Params: 17,046,800
  Training: epochs=300, lr=0.0005, batch=4096, ls=0.3
  Steps/epoch: 21
  E  1/300 Loss:13.574 lr:5.00e-04 3s
  >> Val MRR:0.0635 H@1:3.6% H@10:10.0% ** BEST **
  E 10/300 Loss:5.721 lr:5.00e-04 2s
  >> Val MRR:0.2960 H@1:26.2% H@10:35.6% ** BEST **
  >> Val MRR:0.3859 H@1:36.6% H@10:42.0% ** BEST **
  E 20/300 Loss:5.134 lr:5.00e-04 2s
  >> Val MRR:0.4065 H@1:39.2% H@10:43.2% ** BEST **
  >> Val MRR:0.4110 H@1:39.0% H@10:44.0% ** BEST **
  E 30/300 Loss:4.914 lr:5.00e-04 2s
  >> Val MRR:0.4232 H@1:41.0% H@10:44.6% ** BEST **
  >> Val MRR:0.4275 H@1:41.0% H@10:45.6% ** BEST **
  E 40/300 Loss:4.793 lr:5.00e-04 2s
  >> Val MRR:0.4326 H@1:41.6% H@10:46.6% ** BEST **
  >> Val MRR:0.4374 H@1:42.2% H@10:47.0% ** BEST **
  E 50/300 Loss:4.712 lr:5.00e-04 2s
  >> Val MRR:0.4415 H@1:42.4% H@10:47.4% ** BEST **
  >> Val MRR:0.4403 (best:0.4415 p:1/30)
  E 60/300 Loss:4.652 lr:5.00e-04 2s
  >> Val MRR:0.4445 H@1:42.6% H@10:48.4% ** BEST **
  >> Val MRR:0.4554 H@1:43.8% H@10:49.0% ** BEST **
  E 70/300 Loss:4.607 lr:5.00e-04 2s
  >> Val MRR:0.4620 H@1:44.6% H@10:49.6% ** BEST **
  >> Val MRR:0.4581 (best:0.4620 p:1/30)
  E 80/300 Loss:4.576 lr:5.00e-04 2s
  >> Val MRR:0.4618 (best:0.4620 p:2/30)
  >> Val MRR:0.4652 H@1:44.4% H@10:49.6% ** BEST **
  E 90/300 Loss:4.548 lr:5.00e-04 2s
  >> Val MRR:0.4708 H@1:45.0% H@10:50.0% ** BEST **
  >> Val MRR:0.4708 (best:0.4708 p:1/30)
  E100/300 Loss:4.525 lr:5.00e-04 2s
  >> Val MRR:0.4768 H@1:45.6% H@10:51.2% ** BEST **
  >> Val MRR:0.4783 H@1:45.6% H@10:52.0% ** BEST **
  E110/300 Loss:4.508 lr:5.00e-04 2s
  >> Val MRR:0.4790 H@1:45.4% H@10:51.8% ** BEST **
  >> Val MRR:0.4823 H@1:46.0% H@10:52.8% ** BEST **
  E120/300 Loss:4.492 lr:5.00e-04 2s
  >> Val MRR:0.4810 (best:0.4823 p:1/30)
  >> Val MRR:0.4869 H@1:46.6% H@10:54.0% ** BEST **
  E130/300 Loss:4.479 lr:5.00e-04 2s
  >> Val MRR:0.4865 (best:0.4869 p:1/30)
  >> Val MRR:0.4874 H@1:46.4% H@10:53.8% ** BEST **
  E140/300 Loss:4.466 lr:5.00e-04 2s
  >> Val MRR:0.4933 H@1:47.0% H@10:54.2% ** BEST **
  >> Val MRR:0.4927 (best:0.4933 p:1/30)
  E150/300 Loss:4.457 lr:5.00e-04 2s
  >> Val MRR:0.4884 (best:0.4933 p:2/30)
  >> Val MRR:0.4896 (best:0.4933 p:3/30)
  E160/300 Loss:4.448 lr:5.00e-04 2s
  E170/300 Loss:4.441 lr:5.00e-04 2s
  >> Val MRR:0.4938 H@1:47.0% H@10:54.6% ** BEST **
  >> Val MRR:0.4950 H@1:46.8% H@10:54.8% ** BEST **
  E180/300 Loss:4.435 lr:1.50e-04 2s
  >> Val MRR:0.4954 H@1:46.8% H@10:54.8% ** BEST **
  >> Val MRR:0.4986 H@1:47.4% H@10:55.0% ** BEST **
  E190/300 Loss:4.409 lr:1.50e-04 2s
  >> Val MRR:0.4968 (best:0.4986 p:1/30)
  >> Val MRR:0.4948 (best:0.4986 p:2/30)
  E200/300 Loss:4.405 lr:1.50e-04 2s
  >> Val MRR:0.4980 (best:0.4986 p:3/30)
  E210/300 Loss:4.402 lr:1.50e-04 2s
  >> Val MRR:0.4988 H@1:47.2% H@10:55.2% ** BEST **
  E220/300 Loss:4.401 lr:1.50e-04 2s
  >> Val MRR:0.4997 H@1:47.2% H@10:55.4% ** BEST **
  >> Val MRR:0.5001 H@1:47.4% H@10:55.4% ** BEST **
  E230/300 Loss:4.398 lr:1.50e-04 2s
  >> Val MRR:0.4978 (best:0.5001 p:1/30)
  >> Val MRR:0.4993 (best:0.5001 p:2/30)
  E240/300 Loss:4.396 lr:4.50e-05 2s
  >> Val MRR:0.4967 (best:0.5001 p:3/30)
  E250/300 Loss:4.389 lr:4.50e-05 2s
  E260/300 Loss:4.386 lr:4.50e-05 2s
  E270/300 Loss:4.386 lr:4.50e-05 2s
  >> Val MRR:0.4994 (best:0.5001 p:10/30)
  E280/300 Loss:4.384 lr:4.50e-05 2s
  >> Val MRR:0.5002 H@1:47.4% H@10:55.2% ** BEST **
  E290/300 Loss:4.384 lr:4.50e-05 2s
  >> Val MRR:0.4998 (best:0.5002 p:1/30)
  >> Val MRR:0.5008 H@1:47.6% H@10:55.2% ** BEST **
  E300/300 Loss:4.382 lr:4.50e-05 2s
  >> Val MRR:0.5000 (best:0.5008 p:1/30)
  Training done: 746s, best_val_MRR=0.5008
  Full test evaluation (3134 triples)...

  FINAL TEST: MRR=0.4833 H@1=45.3% H@3=49.9% H@10=53.7%
  Saved: /home/shanxh/decoder/WN18RR_d400_L2_ls0.3_ComplEx_seed456.json
=== WN18RR/ComplEx@d400/seed456 rc=0 in 755s ===
=== [14/31] FB15k-237/DistMult@d100/seed42 ===
Device: cuda, AMP: True
GPU: NVIDIA GeForce RTX 2080 Ti, 11.3 GB
======================================================================
CompGCN+DistMult | FB15k-237 | seed=42
d_h=100 L=2 lr=0.0005 ls=0.3 epochs=200
======================================================================
  KG: 14541 ent, 474 rel, 544230 edges
  Train/Val/Test: 272115/17535/20466
  Params: 1,637,100
  Training: epochs=200, lr=0.0005, batch=4096, ls=0.3
  Steps/epoch: 66
  E  1/200 Loss:9.674 lr:5.00e-04 4s
  >> Val MRR:0.3329 H@1:25.4% H@10:49.2% ** BEST **
  E 10/200 Loss:6.837 lr:5.00e-04 4s
  >> Val MRR:0.3538 H@1:26.0% H@10:52.8% ** BEST **
  >> Val MRR:0.3744 H@1:28.2% H@10:56.0% ** BEST **
  E 20/200 Loss:6.490 lr:5.00e-04 4s
  >> Val MRR:0.3811 H@1:27.8% H@10:59.4% ** BEST **
  >> Val MRR:0.4011 H@1:30.2% H@10:60.6% ** BEST **
  E 30/200 Loss:6.315 lr:5.00e-04 4s
  >> Val MRR:0.4071 H@1:31.4% H@10:61.2% ** BEST **
  >> Val MRR:0.4059 (best:0.4071 p:1/30)
  E 40/200 Loss:6.202 lr:5.00e-04 4s
  >> Val MRR:0.4131 H@1:31.2% H@10:60.0% ** BEST **
  >> Val MRR:0.4067 (best:0.4131 p:1/30)
  E 50/200 Loss:6.122 lr:5.00e-04 4s
  >> Val MRR:0.4142 H@1:31.2% H@10:60.6% ** BEST **
  >> Val MRR:0.4155 H@1:31.6% H@10:60.4% ** BEST **
  E 60/200 Loss:6.056 lr:5.00e-04 4s
  >> Val MRR:0.4134 (best:0.4155 p:1/30)
  >> Val MRR:0.4182 H@1:32.2% H@10:60.0% ** BEST **
  E 70/200 Loss:5.997 lr:5.00e-04 4s
  >> Val MRR:0.4092 (best:0.4182 p:1/30)
  >> Val MRR:0.4079 (best:0.4182 p:2/30)
  E 80/200 Loss:5.932 lr:5.00e-04 3s
  >> Val MRR:0.4167 (best:0.4182 p:3/30)
  >> Val MRR:0.4202 H@1:33.4% H@10:60.0% ** BEST **
  E 90/200 Loss:5.855 lr:5.00e-04 3s
  >> Val MRR:0.4258 H@1:34.0% H@10:60.0% ** BEST **
  >> Val MRR:0.4196 (best:0.4258 p:1/30)
  E100/200 Loss:5.774 lr:5.00e-04 4s
  >> Val MRR:0.4186 (best:0.4258 p:2/30)
  >> Val MRR:0.4190 (best:0.4258 p:3/30)
  E110/200 Loss:5.700 lr:5.00e-04 4s
  E120/200 Loss:5.637 lr:1.50e-04 4s
  E130/200 Loss:5.571 lr:1.50e-04 4s
  E140/200 Loss:5.553 lr:1.50e-04 4s
  >> Val MRR:0.3995 (best:0.4258 p:10/30)
  E150/200 Loss:5.537 lr:1.50e-04 4s
  E160/200 Loss:5.524 lr:4.50e-05 4s
  E170/200 Loss:5.505 lr:4.50e-05 4s
  E180/200 Loss:5.499 lr:4.50e-05 4s
  E190/200 Loss:5.495 lr:4.50e-05 4s
  >> Val MRR:0.3959 (best:0.4258 p:20/30)
  E200/200 Loss:5.491 lr:4.50e-05 4s
  Training done: 915s, best_val_MRR=0.4258
  Full test evaluation (20466 triples)...

  FINAL TEST: MRR=0.4131 H@1=31.9% H@3=45.3% H@10=60.2%
  Saved: /home/shanxh/decoder/FB15k-237_d100_L2_ls0.3_seed42.json
=== FB15k-237/DistMult@d100/seed42 rc=0 in 1167s ===
=== [15/31] FB15k-237/DistMult@d100/seed123 ===
Device: cuda, AMP: True
GPU: NVIDIA GeForce RTX 2080 Ti, 11.3 GB
======================================================================
CompGCN+DistMult | FB15k-237 | seed=123
d_h=100 L=2 lr=0.0005 ls=0.3 epochs=200
======================================================================
  KG: 14541 ent, 474 rel, 544230 edges
  Train/Val/Test: 272115/17535/20466
  Params: 1,637,100
  Training: epochs=200, lr=0.0005, batch=4096, ls=0.3
  Steps/epoch: 66
  E  1/200 Loss:9.678 lr:5.00e-04 4s
  >> Val MRR:0.3232 H@1:24.2% H@10:47.4% ** BEST **
  E 10/200 Loss:6.816 lr:5.00e-04 3s
  >> Val MRR:0.3572 H@1:26.6% H@10:53.2% ** BEST **
  >> Val MRR:0.3661 H@1:27.2% H@10:56.0% ** BEST **
  E 20/200 Loss:6.475 lr:5.00e-04 3s
  >> Val MRR:0.3819 H@1:28.2% H@10:58.0% ** BEST **
  >> Val MRR:0.3884 H@1:29.0% H@10:58.4% ** BEST **
  E 30/200 Loss:6.299 lr:5.00e-04 4s
  >> Val MRR:0.3931 H@1:29.4% H@10:60.0% ** BEST **
  >> Val MRR:0.3984 H@1:29.6% H@10:61.0% ** BEST **
  E 40/200 Loss:6.187 lr:5.00e-04 4s
  >> Val MRR:0.4071 H@1:30.4% H@10:61.0% ** BEST **
  >> Val MRR:0.4074 H@1:30.6% H@10:60.6% ** BEST **
  E 50/200 Loss:6.108 lr:5.00e-04 4s
  >> Val MRR:0.4068 (best:0.4074 p:1/30)
  >> Val MRR:0.4135 H@1:30.6% H@10:62.0% ** BEST **
  E 60/200 Loss:6.049 lr:5.00e-04 3s
  >> Val MRR:0.4222 H@1:33.0% H@10:62.0% ** BEST **
  >> Val MRR:0.4179 (best:0.4222 p:1/30)
  E 70/200 Loss:5.998 lr:5.00e-04 4s
  >> Val MRR:0.4220 (best:0.4222 p:2/30)
  >> Val MRR:0.4110 (best:0.4222 p:3/30)
  E 80/200 Loss:5.953 lr:5.00e-04 4s
  E 90/200 Loss:5.903 lr:5.00e-04 3s
  E100/200 Loss:5.846 lr:5.00e-04 4s
  >> Val MRR:0.4229 H@1:33.0% H@10:61.8% ** BEST **
  E110/200 Loss:5.785 lr:5.00e-04 4s
  >> Val MRR:0.4153 (best:0.4229 p:1/30)
  >> Val MRR:0.4132 (best:0.4229 p:2/30)
  E120/200 Loss:5.725 lr:1.50e-04 4s
  >> Val MRR:0.4117 (best:0.4229 p:3/30)
  E130/200 Loss:5.662 lr:1.50e-04 4s
  E140/200 Loss:5.642 lr:1.50e-04 4s
  E150/200 Loss:5.624 lr:1.50e-04 4s
  >> Val MRR:0.4024 (best:0.4229 p:10/30)
  E160/200 Loss:5.606 lr:4.50e-05 4s
  E170/200 Loss:5.587 lr:4.50e-05 4s
  E180/200 Loss:5.583 lr:4.50e-05 4s
  E190/200 Loss:5.577 lr:4.50e-05 4s
  E200/200 Loss:5.572 lr:4.50e-05 3s
  Training done: 914s, best_val_MRR=0.4229
  Full test evaluation (20466 triples)...

  FINAL TEST: MRR=0.4170 H@1=32.2% H@3=45.9% H@10=60.7%
  Saved: /home/shanxh/decoder/FB15k-237_d100_L2_ls0.3_seed123.json
=== FB15k-237/DistMult@d100/seed123 rc=0 in 1161s ===
=== [16/31] FB15k-237/DistMult@d100/seed456 ===
Device: cuda, AMP: True
GPU: NVIDIA GeForce RTX 2080 Ti, 11.3 GB
======================================================================
CompGCN+DistMult | FB15k-237 | seed=456
d_h=100 L=2 lr=0.0005 ls=0.3 epochs=200
======================================================================
  KG: 14541 ent, 474 rel, 544230 edges
  Train/Val/Test: 272115/17535/20466
  Params: 1,637,100
  Training: epochs=200, lr=0.0005, batch=4096, ls=0.3
  Steps/epoch: 66
  E  1/200 Loss:9.683 lr:5.00e-04 4s
  >> Val MRR:0.3389 H@1:25.4% H@10:50.2% ** BEST **
  E 10/200 Loss:6.810 lr:5.00e-04 3s
  >> Val MRR:0.3617 H@1:27.4% H@10:53.2% ** BEST **
  >> Val MRR:0.3820 H@1:29.8% H@10:56.2% ** BEST **
  E 20/200 Loss:6.474 lr:5.00e-04 4s
  >> Val MRR:0.3985 H@1:30.8% H@10:57.2% ** BEST **
  >> Val MRR:0.4056 H@1:31.2% H@10:58.4% ** BEST **
  E 30/200 Loss:6.303 lr:5.00e-04 3s
  >> Val MRR:0.4054 (best:0.4056 p:1/30)
  >> Val MRR:0.4181 H@1:33.4% H@10:58.8% ** BEST **
  E 40/200 Loss:6.193 lr:5.00e-04 3s
  >> Val MRR:0.4202 H@1:33.8% H@10:60.0% ** BEST **
  >> Val MRR:0.4225 H@1:33.8% H@10:60.6% ** BEST **
  E 50/200 Loss:6.113 lr:5.00e-04 4s
  >> Val MRR:0.4233 H@1:34.4% H@10:60.0% ** BEST **
  >> Val MRR:0.4224 (best:0.4233 p:1/30)
  E 60/200 Loss:6.049 lr:5.00e-04 3s
  >> Val MRR:0.4208 (best:0.4233 p:2/30)
  >> Val MRR:0.4176 (best:0.4233 p:3/30)
  E 70/200 Loss:5.992 lr:5.00e-04 3s
  >> Val MRR:0.4260 H@1:34.0% H@10:60.4% ** BEST **
  E 80/200 Loss:5.932 lr:5.00e-04 3s
  >> Val MRR:0.4118 (best:0.4260 p:1/30)
  >> Val MRR:0.4091 (best:0.4260 p:2/30)
  E 90/200 Loss:5.868 lr:5.00e-04 3s
  >> Val MRR:0.4147 (best:0.4260 p:3/30)
  E100/200 Loss:5.797 lr:5.00e-04 4s
  E110/200 Loss:5.729 lr:5.00e-04 3s
  >> Val MRR:0.4261 H@1:33.8% H@10:60.8% ** BEST **
  >> Val MRR:0.4189 (best:0.4261 p:1/30)
  E120/200 Loss:5.666 lr:1.50e-04 4s
  >> Val MRR:0.4186 (best:0.4261 p:2/30)
  >> Val MRR:0.4156 (best:0.4261 p:3/30)
  E130/200 Loss:5.602 lr:1.50e-04 3s
  E140/200 Loss:5.584 lr:1.50e-04 3s
  E150/200 Loss:5.567 lr:1.50e-04 4s
  E160/200 Loss:5.552 lr:4.50e-05 3s
  >> Val MRR:0.4122 (best:0.4261 p:10/30)
  E170/200 Loss:5.533 lr:4.50e-05 4s
  E180/200 Loss:5.528 lr:4.50e-05 3s
  E190/200 Loss:5.523 lr:4.50e-05 3s
  E200/200 Loss:5.519 lr:4.50e-05 3s
  Training done: 914s, best_val_MRR=0.4261
  Full test evaluation (20466 triples)...

  FINAL TEST: MRR=0.4083 H@1=31.4% H@3=44.8% H@10=59.9%
  Saved: /home/shanxh/decoder/FB15k-237_d100_L2_ls0.3_seed456.json
=== FB15k-237/DistMult@d100/seed456 rc=0 in 1161s ===
=== [17/31] FB15k-237/DistMult@d400/seed42 ===
Device: cuda, AMP: True
GPU: NVIDIA GeForce RTX 2080 Ti, 11.3 GB
======================================================================
CompGCN+DistMult | FB15k-237 | seed=42
d_h=400 L=2 lr=0.0005 ls=0.3 epochs=200
======================================================================
  KG: 14541 ent, 474 rel, 544230 edges
  Train/Val/Test: 272115/17535/20466
  Params: 7,028,400
  Training: epochs=200, lr=0.0005, batch=4096, ls=0.3
  Steps/epoch: 66
  E  1/200 Loss:9.693 lr:5.00e-04 11s
  >> Val MRR:0.3680 H@1:27.2% H@10:54.6% ** BEST **
  E 10/200 Loss:6.165 lr:5.00e-04 10s
  >> Val MRR:0.3936 H@1:30.2% H@10:57.6% ** BEST **
  >> Val MRR:0.4096 H@1:31.0% H@10:59.8% ** BEST **
  E 20/200 Loss:5.823 lr:5.00e-04 10s
  >> Val MRR:0.4202 H@1:32.6% H@10:60.8% ** BEST **
  >> Val MRR:0.4152 (best:0.4202 p:1/30)
  E 30/200 Loss:5.679 lr:5.00e-04 10s
  >> Val MRR:0.4171 (best:0.4202 p:2/30)
  >> Val MRR:0.4052 (best:0.4202 p:3/30)
  E 40/200 Loss:5.594 lr:5.00e-04 10s
  E 50/200 Loss:5.533 lr:5.00e-04 10s
  E 60/200 Loss:5.489 lr:5.00e-04 10s
  E 70/200 Loss:5.454 lr:5.00e-04 10s
  >> Val MRR:0.4063 (best:0.4202 p:10/30)
  E 80/200 Loss:5.425 lr:5.00e-04 10s
  E 90/200 Loss:5.400 lr:5.00e-04 10s
  E100/200 Loss:5.377 lr:5.00e-04 10s
  E110/200 Loss:5.361 lr:5.00e-04 10s
  E120/200 Loss:5.344 lr:1.50e-04 10s
  >> Val MRR:0.3984 (best:0.4202 p:20/30)
  E130/200 Loss:5.287 lr:1.50e-04 10s
  E140/200 Loss:5.277 lr:1.50e-04 10s
  E150/200 Loss:5.271 lr:1.50e-04 10s
  E160/200 Loss:5.267 lr:4.50e-05 10s
  E170/200 Loss:5.249 lr:4.50e-05 10s
  >> Val MRR:0.4104 (best:0.4202 p:30/30)
  Early stop at epoch 170
  Training done: 1945s, best_val_MRR=0.4202
  Full test evaluation (20466 triples)...

  FINAL TEST: MRR=0.4118 H@1=31.9% H@3=45.3% H@10=59.5%
  Saved: /home/shanxh/decoder/FB15k-237_d400_L2_ls0.3_seed42.json
=== FB15k-237/DistMult@d400/seed42 rc=0 in 2198s ===
=== [18/31] FB15k-237/DistMult@d400/seed123 ===
Device: cuda, AMP: True
GPU: NVIDIA GeForce RTX 2080 Ti, 11.3 GB
======================================================================
CompGCN+DistMult | FB15k-237 | seed=123
d_h=400 L=2 lr=0.0005 ls=0.3 epochs=200
======================================================================
  KG: 14541 ent, 474 rel, 544230 edges
  Train/Val/Test: 272115/17535/20466
  Params: 7,028,400
  Training: epochs=200, lr=0.0005, batch=4096, ls=0.3
  Steps/epoch: 66
  E  1/200 Loss:9.696 lr:5.00e-04 11s
  >> Val MRR:0.3779 H@1:29.2% H@10:55.6% ** BEST **
  E 10/200 Loss:6.162 lr:5.00e-04 10s
  >> Val MRR:0.4068 H@1:31.4% H@10:58.4% ** BEST **
  >> Val MRR:0.4182 H@1:33.0% H@10:57.8% ** BEST **
  E 20/200 Loss:5.822 lr:5.00e-04 10s
  >> Val MRR:0.4193 H@1:33.4% H@10:59.8% ** BEST **
  >> Val MRR:0.4127 (best:0.4193 p:1/30)
  E 30/200 Loss:5.678 lr:5.00e-04 10s
  >> Val MRR:0.4075 (best:0.4193 p:2/30)
  >> Val MRR:0.4192 (best:0.4193 p:3/30)
  E 40/200 Loss:5.595 lr:5.00e-04 10s
  E 50/200 Loss:5.536 lr:5.00e-04 10s
  E 60/200 Loss:5.491 lr:5.00e-04 10s
  >> Val MRR:0.4232 H@1:33.8% H@10:60.0% ** BEST **
  >> Val MRR:0.4159 (best:0.4232 p:1/30)
  E 70/200 Loss:5.455 lr:5.00e-04 10s
  >> Val MRR:0.4144 (best:0.4232 p:2/30)
  >> Val MRR:0.4058 (best:0.4232 p:3/30)
  E 80/200 Loss:5.425 lr:5.00e-04 10s
  E 90/200 Loss:5.402 lr:5.00e-04 10s
  E100/200 Loss:5.381 lr:5.00e-04 10s
  E110/200 Loss:5.362 lr:5.00e-04 10s
  >> Val MRR:0.3972 (best:0.4232 p:10/30)
  E120/200 Loss:5.346 lr:1.50e-04 10s
  E130/200 Loss:5.289 lr:1.50e-04 10s
  E140/200 Loss:5.280 lr:1.50e-04 10s
  E150/200 Loss:5.273 lr:1.50e-04 10s
  E160/200 Loss:5.267 lr:4.50e-05 10s
  >> Val MRR:0.4032 (best:0.4232 p:20/30)
  E170/200 Loss:5.250 lr:4.50e-05 10s
  E180/200 Loss:5.247 lr:4.50e-05 10s
  E190/200 Loss:5.245 lr:4.50e-05 10s
  E200/200 Loss:5.242 lr:4.50e-05 10s
  Training done: 2289s, best_val_MRR=0.4232
  Full test evaluation (20466 triples)...

  FINAL TEST: MRR=0.4048 H@1=30.8% H@3=44.7% H@10=59.7%
  Saved: /home/shanxh/decoder/FB15k-237_d400_L2_ls0.3_seed123.json
=== FB15k-237/DistMult@d400/seed123 rc=0 in 2535s ===
=== [19/31] FB15k-237/DistMult@d400/seed456 ===
Device: cuda, AMP: True
GPU: NVIDIA GeForce RTX 2080 Ti, 11.3 GB
======================================================================
CompGCN+DistMult | FB15k-237 | seed=456
d_h=400 L=2 lr=0.0005 ls=0.3 epochs=200
======================================================================
  KG: 14541 ent, 474 rel, 544230 edges
  Train/Val/Test: 272115/17535/20466
  Params: 7,028,400
  Training: epochs=200, lr=0.0005, batch=4096, ls=0.3
  Steps/epoch: 66
  E  1/200 Loss:9.714 lr:5.00e-04 11s
  >> Val MRR:0.3658 H@1:28.0% H@10:54.2% ** BEST **
  E 10/200 Loss:6.166 lr:5.00e-04 10s
  >> Val MRR:0.3966 H@1:30.4% H@10:58.2% ** BEST **
  >> Val MRR:0.4118 H@1:31.8% H@10:59.4% ** BEST **
  E 20/200 Loss:5.822 lr:5.00e-04 10s
  >> Val MRR:0.4137 H@1:32.4% H@10:59.2% ** BEST **
  >> Val MRR:0.4107 (best:0.4137 p:1/30)
  E 30/200 Loss:5.682 lr:5.00e-04 10s
  >> Val MRR:0.4083 (best:0.4137 p:2/30)
  >> Val MRR:0.4123 (best:0.4137 p:3/30)
  E 40/200 Loss:5.597 lr:5.00e-04 10s
  >> Val MRR:0.4151 H@1:32.8% H@10:60.6% ** BEST **
  >> Val MRR:0.4110 (best:0.4151 p:1/30)
  E 50/200 Loss:5.537 lr:5.00e-04 10s
  >> Val MRR:0.4058 (best:0.4151 p:2/30)
  >> Val MRR:0.4103 (best:0.4151 p:3/30)
  E 60/200 Loss:5.494 lr:5.00e-04 10s
  E 70/200 Loss:5.458 lr:5.00e-04 10s
  E 80/200 Loss:5.428 lr:5.00e-04 10s
  E 90/200 Loss:5.403 lr:5.00e-04 10s
  >> Val MRR:0.4119 (best:0.4151 p:10/30)
  E100/200 Loss:5.381 lr:5.00e-04 10s
  E110/200 Loss:5.364 lr:5.00e-04 10s
  E120/200 Loss:5.345 lr:1.50e-04 10s
  E130/200 Loss:5.289 lr:1.50e-04 10s
  E140/200 Loss:5.280 lr:1.50e-04 10s
  >> Val MRR:0.3986 (best:0.4151 p:20/30)
  E150/200 Loss:5.273 lr:1.50e-04 10s
  E160/200 Loss:5.267 lr:4.50e-05 10s
  E170/200 Loss:5.249 lr:4.50e-05 10s
  E180/200 Loss:5.248 lr:4.50e-05 10s
  E190/200 Loss:5.245 lr:4.50e-05 10s
  >> Val MRR:0.3961 (best:0.4151 p:30/30)
  Early stop at epoch 190
  Training done: 2169s, best_val_MRR=0.4151
  Full test evaluation (20466 triples)...

  FINAL TEST: MRR=0.4085 H@1=31.4% H@3=45.0% H@10=59.5%
  Saved: /home/shanxh/decoder/FB15k-237_d400_L2_ls0.3_seed456.json
=== FB15k-237/DistMult@d400/seed456 rc=0 in 2413s ===
=== [20/31] FB15k-237-er800/ComplEx@d200/seed42 ===
Device: cuda, AMP: True
GPU: NVIDIA GeForce RTX 2080 Ti, 11.3 GB
======================================================================
CompGCN+DistMult | FB15k-237-er800 | seed=42
d_h=200 L=2 lr=0.0005 ls=0.3 epochs=200
======================================================================
  KG: 14364 ent, 474 rel, 210464 edges
  Train/Val/Test: 105232/17535/20466
  Params: 3,318,800
  Training: epochs=200, lr=0.0005, batch=4096, ls=0.3
  Steps/epoch: 25
  E  1/200 Loss:10.168 lr:5.00e-04 2s
  >> Val MRR:0.0936 H@1:7.0% H@10:14.6% ** BEST **
  E 10/200 Loss:6.688 lr:5.00e-04 1s
  >> Val MRR:0.2472 H@1:18.4% H@10:36.2% ** BEST **
  >> Val MRR:0.2638 H@1:20.0% H@10:39.0% ** BEST **
  E 20/200 Loss:5.961 lr:5.00e-04 1s
  >> Val MRR:0.2768 H@1:20.6% H@10:39.6% ** BEST **
  >> Val MRR:0.2788 H@1:21.2% H@10:39.6% ** BEST **
  E 30/200 Loss:5.680 lr:5.00e-04 1s
  >> Val MRR:0.2735 (best:0.2788 p:1/30)
  >> Val MRR:0.2793 H@1:21.4% H@10:39.8% ** BEST **
  E 40/200 Loss:5.532 lr:5.00e-04 1s
  >> Val MRR:0.2830 H@1:21.6% H@10:40.2% ** BEST **
  >> Val MRR:0.2802 (best:0.2830 p:1/30)
  E 50/200 Loss:5.429 lr:5.00e-04 1s
  >> Val MRR:0.2800 (best:0.2830 p:2/30)
  >> Val MRR:0.2845 H@1:21.8% H@10:42.4% ** BEST **
  E 60/200 Loss:5.349 lr:5.00e-04 1s
  >> Val MRR:0.2829 (best:0.2845 p:1/30)
  >> Val MRR:0.2837 (best:0.2845 p:2/30)
  E 70/200 Loss:5.293 lr:5.00e-04 1s
  >> Val MRR:0.2728 (best:0.2845 p:3/30)
  E 80/200 Loss:5.237 lr:5.00e-04 1s
  E 90/200 Loss:5.193 lr:5.00e-04 1s
  E100/200 Loss:5.157 lr:5.00e-04 1s
  >> Val MRR:0.2872 H@1:22.0% H@10:43.8% ** BEST **
  E110/200 Loss:5.119 lr:5.00e-04 1s
  >> Val MRR:0.2843 (best:0.2872 p:1/30)
  >> Val MRR:0.2814 (best:0.2872 p:2/30)
  E120/200 Loss:5.088 lr:1.50e-04 1s
  >> Val MRR:0.2823 (best:0.2872 p:3/30)
  E130/200 Loss:5.040 lr:1.50e-04 1s
  E140/200 Loss:5.025 lr:1.50e-04 1s
  E150/200 Loss:5.014 lr:1.50e-04 1s
  >> Val MRR:0.2836 (best:0.2872 p:10/30)
  E160/200 Loss:5.002 lr:4.50e-05 1s
  E170/200 Loss:4.988 lr:4.50e-05 1s
  E180/200 Loss:4.983 lr:4.50e-05 1s
  E190/200 Loss:4.981 lr:4.50e-05 1s
  E200/200 Loss:4.982 lr:4.50e-05 1s
  Training done: 335s, best_val_MRR=0.2872
  Full test evaluation (20466 triples)...

  FINAL TEST: MRR=0.2711 H@1=20.1% H@3=29.0% H@10=41.4%
  Saved: /home/shanxh/decoder/FB15k-237-er800_d200_L2_ls0.3_ComplEx_seed42.json
=== FB15k-237-er800/ComplEx@d200/seed42 rc=0 in 453s ===
=== [21/31] FB15k-237-er800/ComplEx@d200/seed123 ===
Device: cuda, AMP: True
GPU: NVIDIA GeForce RTX 2080 Ti, 11.3 GB
======================================================================
CompGCN+DistMult | FB15k-237-er800 | seed=123
d_h=200 L=2 lr=0.0005 ls=0.3 epochs=200
======================================================================
  KG: 14364 ent, 474 rel, 210464 edges
  Train/Val/Test: 105232/17535/20466
  Params: 3,318,800
  Training: epochs=200, lr=0.0005, batch=4096, ls=0.3
  Steps/epoch: 25
  E  1/200 Loss:10.164 lr:5.00e-04 2s
  >> Val MRR:0.0933 H@1:6.8% H@10:14.6% ** BEST **
  E 10/200 Loss:6.700 lr:5.00e-04 1s
  >> Val MRR:0.2462 H@1:17.4% H@10:40.0% ** BEST **
  >> Val MRR:0.2626 H@1:19.2% H@10:39.6% ** BEST **
  E 20/200 Loss:5.971 lr:5.00e-04 1s
  >> Val MRR:0.2663 H@1:19.4% H@10:40.6% ** BEST **
  >> Val MRR:0.2790 H@1:21.0% H@10:40.8% ** BEST **
  E 30/200 Loss:5.689 lr:5.00e-04 1s
  >> Val MRR:0.2821 H@1:21.2% H@10:41.4% ** BEST **
  >> Val MRR:0.2790 (best:0.2821 p:1/30)
  E 40/200 Loss:5.536 lr:5.00e-04 1s
  >> Val MRR:0.2785 (best:0.2821 p:2/30)
  >> Val MRR:0.2860 H@1:21.4% H@10:42.0% ** BEST **
  E 50/200 Loss:5.431 lr:5.00e-04 1s
  >> Val MRR:0.2856 (best:0.2860 p:1/30)
  >> Val MRR:0.2853 (best:0.2860 p:2/30)
  E 60/200 Loss:5.352 lr:5.00e-04 1s
  >> Val MRR:0.2824 (best:0.2860 p:3/30)
  E 70/200 Loss:5.289 lr:5.00e-04 1s
  E 80/200 Loss:5.239 lr:5.00e-04 1s
  E 90/200 Loss:5.191 lr:5.00e-04 1s
  >> Val MRR:0.2880 H@1:21.8% H@10:44.0% ** BEST **
  E100/200 Loss:5.152 lr:5.00e-04 1s
  >> Val MRR:0.2862 (best:0.2880 p:1/30)
  >> Val MRR:0.2857 (best:0.2880 p:2/30)
  E110/200 Loss:5.120 lr:5.00e-04 1s
  >> Val MRR:0.2858 (best:0.2880 p:3/30)
  >> Val MRR:0.2899 H@1:22.0% H@10:43.0% ** BEST **
  E120/200 Loss:5.089 lr:1.50e-04 1s
  >> Val MRR:0.2920 H@1:22.4% H@10:43.0% ** BEST **
  >> Val MRR:0.2909 (best:0.2920 p:1/30)
  E130/200 Loss:5.034 lr:1.50e-04 1s
  >> Val MRR:0.2935 H@1:22.6% H@10:42.6% ** BEST **
  >> Val MRR:0.2900 (best:0.2935 p:1/30)
  E140/200 Loss:5.020 lr:1.50e-04 1s
  >> Val MRR:0.2902 (best:0.2935 p:2/30)
  >> Val MRR:0.2944 H@1:22.8% H@10:42.8% ** BEST **
  E150/200 Loss:5.011 lr:1.50e-04 1s
  >> Val MRR:0.2885 (best:0.2944 p:1/30)
  >> Val MRR:0.2913 (best:0.2944 p:2/30)
  E160/200 Loss:5.005 lr:4.50e-05 1s
  >> Val MRR:0.2936 (best:0.2944 p:3/30)
  E170/200 Loss:4.989 lr:4.50e-05 1s
  >> Val MRR:0.2946 H@1:22.4% H@10:43.2% ** BEST **
  E180/200 Loss:4.984 lr:4.50e-05 1s
  >> Val MRR:0.2966 H@1:22.8% H@10:43.0% ** BEST **
  >> Val MRR:0.2949 (best:0.2966 p:1/30)
  E190/200 Loss:4.985 lr:4.50e-05 1s
  >> Val MRR:0.2943 (best:0.2966 p:2/30)
  >> Val MRR:0.2952 (best:0.2966 p:3/30)
  E200/200 Loss:4.976 lr:4.50e-05 1s
  Training done: 335s, best_val_MRR=0.2966
  Full test evaluation (20466 triples)...

  FINAL TEST: MRR=0.2683 H@1=19.8% H@3=28.7% H@10=41.1%
  Saved: /home/shanxh/decoder/FB15k-237-er800_d200_L2_ls0.3_ComplEx_seed123.json
=== FB15k-237-er800/ComplEx@d200/seed123 rc=0 in 451s ===
=== [22/31] FB15k-237-er800/ComplEx@d200/seed456 ===
Device: cuda, AMP: True
GPU: NVIDIA GeForce RTX 2080 Ti, 11.3 GB
======================================================================
CompGCN+DistMult | FB15k-237-er800 | seed=456
d_h=200 L=2 lr=0.0005 ls=0.3 epochs=200
======================================================================
  KG: 14364 ent, 474 rel, 210464 edges
  Train/Val/Test: 105232/17535/20466
  Params: 3,318,800
  Training: epochs=200, lr=0.0005, batch=4096, ls=0.3
  Steps/epoch: 25
  E  1/200 Loss:10.161 lr:5.00e-04 2s
  >> Val MRR:0.0941 H@1:6.8% H@10:14.8% ** BEST **
  E 10/200 Loss:6.662 lr:5.00e-04 1s
  >> Val MRR:0.2511 H@1:18.6% H@10:38.0% ** BEST **
  >> Val MRR:0.2603 H@1:19.2% H@10:40.6% ** BEST **
  E 20/200 Loss:5.957 lr:5.00e-04 1s
  >> Val MRR:0.2647 H@1:19.8% H@10:40.2% ** BEST **
  >> Val MRR:0.2698 H@1:19.8% H@10:42.2% ** BEST **
  E 30/200 Loss:5.683 lr:5.00e-04 1s
  >> Val MRR:0.2807 H@1:20.6% H@10:43.8% ** BEST **
  >> Val MRR:0.2807 (best:0.2807 p:1/30)
  E 40/200 Loss:5.528 lr:5.00e-04 1s
  >> Val MRR:0.2778 (best:0.2807 p:2/30)
  >> Val MRR:0.2785 (best:0.2807 p:3/30)
  E 50/200 Loss:5.426 lr:5.00e-04 1s
  >> Val MRR:0.2838 H@1:21.4% H@10:43.4% ** BEST **
  >> Val MRR:0.2805 (best:0.2838 p:1/30)
  E 60/200 Loss:5.347 lr:5.00e-04 1s
  >> Val MRR:0.2753 (best:0.2838 p:2/30)
  >> Val MRR:0.2764 (best:0.2838 p:3/30)
  E 70/200 Loss:5.284 lr:5.00e-04 1s
  E 80/200 Loss:5.230 lr:5.00e-04 1s
  E 90/200 Loss:5.187 lr:5.00e-04 1s
  E100/200 Loss:5.149 lr:5.00e-04 1s
  >> Val MRR:0.2861 H@1:21.4% H@10:43.8% ** BEST **
  >> Val MRR:0.2833 (best:0.2861 p:1/30)
  E110/200 Loss:5.115 lr:5.00e-04 1s
  >> Val MRR:0.2840 (best:0.2861 p:2/30)
  >> Val MRR:0.2850 (best:0.2861 p:3/30)
  E120/200 Loss:5.086 lr:1.50e-04 1s
  E130/200 Loss:5.033 lr:1.50e-04 1s
  E140/200 Loss:5.022 lr:1.50e-04 1s
  E150/200 Loss:5.009 lr:1.50e-04 1s
  >> Val MRR:0.2781 (best:0.2861 p:10/30)
  E160/200 Loss:5.000 lr:4.50e-05 1s
  E170/200 Loss:4.982 lr:4.50e-05 1s
  E180/200 Loss:4.980 lr:4.50e-05 1s
  E190/200 Loss:4.979 lr:4.50e-05 1s
  E200/200 Loss:4.974 lr:4.50e-05 1s
  >> Val MRR:0.2774 (best:0.2861 p:20/30)
  Training done: 333s, best_val_MRR=0.2861
  Full test evaluation (20466 triples)...

  FINAL TEST: MRR=0.2666 H@1=19.8% H@3=28.4% H@10=40.5%
  Saved: /home/shanxh/decoder/FB15k-237-er800_d200_L2_ls0.3_ComplEx_seed456.json
=== FB15k-237-er800/ComplEx@d200/seed456 rc=0 in 452s ===
=== [23/31] FB15k-237-er800/DistMult@d200/seed42 ===
Device: cuda, AMP: True
GPU: NVIDIA GeForce RTX 2080 Ti, 11.3 GB
======================================================================
CompGCN+DistMult | FB15k-237-er800 | seed=42
d_h=200 L=2 lr=0.0005 ls=0.3 epochs=200
======================================================================
  KG: 14364 ent, 474 rel, 210464 edges
  Train/Val/Test: 105232/17535/20466
  Params: 3,318,800
  Training: epochs=200, lr=0.0005, batch=4096, ls=0.3
  Steps/epoch: 25
  E  1/200 Loss:9.814 lr:5.00e-04 2s
  >> Val MRR:0.1042 H@1:7.4% H@10:16.0% ** BEST **
  E 10/200 Loss:6.705 lr:5.00e-04 1s
  >> Val MRR:0.2642 H@1:19.6% H@10:39.2% ** BEST **
  >> Val MRR:0.2733 H@1:20.0% H@10:40.8% ** BEST **
  E 20/200 Loss:5.956 lr:5.00e-04 1s
  >> Val MRR:0.2777 H@1:20.6% H@10:41.2% ** BEST **
  >> Val MRR:0.2896 H@1:21.2% H@10:43.8% ** BEST **
  E 30/200 Loss:5.677 lr:5.00e-04 1s
  >> Val MRR:0.2868 (best:0.2896 p:1/30)
  >> Val MRR:0.2884 (best:0.2896 p:2/30)
  E 40/200 Loss:5.517 lr:5.00e-04 1s
  >> Val MRR:0.2869 (best:0.2896 p:3/30)
  E 50/200 Loss:5.407 lr:5.00e-04 1s
  >> Val MRR:0.2939 H@1:22.8% H@10:42.8% ** BEST **
  E 60/200 Loss:5.316 lr:5.00e-04 1s
  >> Val MRR:0.2976 H@1:23.2% H@10:43.0% ** BEST **
  >> Val MRR:0.3014 H@1:23.6% H@10:43.2% ** BEST **
  E 70/200 Loss:5.253 lr:5.00e-04 1s
  >> Val MRR:0.2979 (best:0.3014 p:1/30)
  >> Val MRR:0.2874 (best:0.3014 p:2/30)
  E 80/200 Loss:5.195 lr:5.00e-04 1s
  >> Val MRR:0.2974 (best:0.3014 p:3/30)
  E 90/200 Loss:5.146 lr:5.00e-04 1s
  E100/200 Loss:5.104 lr:5.00e-04 1s
  E110/200 Loss:5.070 lr:5.00e-04 1s
  >> Val MRR:0.2912 (best:0.3014 p:10/30)
  E120/200 Loss:5.036 lr:1.50e-04 1s
  E130/200 Loss:4.985 lr:1.50e-04 1s
  E140/200 Loss:4.974 lr:1.50e-04 1s
  E150/200 Loss:4.961 lr:1.50e-04 1s
  E160/200 Loss:4.956 lr:4.50e-05 1s
  >> Val MRR:0.2914 (best:0.3014 p:20/30)
  E170/200 Loss:4.941 lr:4.50e-05 1s
  E180/200 Loss:4.937 lr:4.50e-05 1s
  E190/200 Loss:4.933 lr:4.50e-05 1s
  E200/200 Loss:4.932 lr:4.50e-05 1s
  Training done: 322s, best_val_MRR=0.3014
  Full test evaluation (20466 triples)...

  FINAL TEST: MRR=0.2650 H@1=19.4% H@3=28.5% H@10=40.8%
  Saved: /home/shanxh/decoder/FB15k-237-er800_d200_L2_ls0.3_seed42.json
=== FB15k-237-er800/DistMult@d200/seed42 rc=0 in 439s ===
=== [24/31] FB15k-237-er800/DistMult@d200/seed123 ===
Device: cuda, AMP: True
GPU: NVIDIA GeForce RTX 2080 Ti, 11.3 GB
======================================================================
CompGCN+DistMult | FB15k-237-er800 | seed=123
d_h=200 L=2 lr=0.0005 ls=0.3 epochs=200
======================================================================
  KG: 14364 ent, 474 rel, 210464 edges
  Train/Val/Test: 105232/17535/20466
  Params: 3,318,800
  Training: epochs=200, lr=0.0005, batch=4096, ls=0.3
  Steps/epoch: 25
  E  1/200 Loss:9.813 lr:5.00e-04 2s
  >> Val MRR:0.1213 H@1:8.8% H@10:18.4% ** BEST **
  E 10/200 Loss:6.736 lr:5.00e-04 1s
  >> Val MRR:0.2530 H@1:18.2% H@10:40.2% ** BEST **
  >> Val MRR:0.2619 H@1:18.6% H@10:41.2% ** BEST **
  E 20/200 Loss:5.960 lr:5.00e-04 1s
  >> Val MRR:0.2801 H@1:21.2% H@10:40.8% ** BEST **
  >> Val MRR:0.2803 H@1:20.6% H@10:42.0% ** BEST **
  E 30/200 Loss:5.677 lr:5.00e-04 1s
  >> Val MRR:0.2868 H@1:21.2% H@10:41.8% ** BEST **
  >> Val MRR:0.2977 H@1:23.2% H@10:42.4% ** BEST **
  E 40/200 Loss:5.514 lr:5.00e-04 1s
  >> Val MRR:0.2984 H@1:22.8% H@10:43.0% ** BEST **
  >> Val MRR:0.2968 (best:0.2984 p:1/30)
  E 50/200 Loss:5.408 lr:5.00e-04 1s
  >> Val MRR:0.2939 (best:0.2984 p:2/30)
  >> Val MRR:0.2914 (best:0.2984 p:3/30)
  E 60/200 Loss:5.323 lr:5.00e-04 1s
  E 70/200 Loss:5.261 lr:5.00e-04 1s
  E 80/200 Loss:5.203 lr:5.00e-04 1s
  E 90/200 Loss:5.154 lr:5.00e-04 1s
  >> Val MRR:0.2958 (best:0.2984 p:10/30)
  E100/200 Loss:5.111 lr:5.00e-04 1s
  E110/200 Loss:5.073 lr:5.00e-04 1s
  E120/200 Loss:5.044 lr:1.50e-04 1s
  >> Val MRR:0.2988 H@1:22.8% H@10:44.6% ** BEST **
  E130/200 Loss:4.991 lr:1.50e-04 1s
  >> Val MRR:0.2988 H@1:23.0% H@10:43.4% ** BEST **
  >> Val MRR:0.2967 (best:0.2988 p:1/30)
  E140/200 Loss:4.978 lr:1.50e-04 1s
  >> Val MRR:0.2905 (best:0.2988 p:2/30)
  >> Val MRR:0.2926 (best:0.2988 p:3/30)
  E150/200 Loss:4.968 lr:1.50e-04 1s
  E160/200 Loss:4.958 lr:4.50e-05 1s
  E170/200 Loss:4.946 lr:4.50e-05 1s
  E180/200 Loss:4.943 lr:4.50e-05 1s
  >> Val MRR:0.2960 (best:0.2988 p:10/30)
  E190/200 Loss:4.940 lr:4.50e-05 1s
  E200/200 Loss:4.937 lr:4.50e-05 1s
  Training done: 325s, best_val_MRR=0.2988
  Full test evaluation (20466 triples)...

  FINAL TEST: MRR=0.2662 H@1=19.7% H@3=28.7% H@10=40.4%
  Saved: /home/shanxh/decoder/FB15k-237-er800_d200_L2_ls0.3_seed123.json
=== FB15k-237-er800/DistMult@d200/seed123 rc=0 in 444s ===
=== [25/31] FB15k-237-er800/DistMult@d200/seed456 ===
Device: cuda, AMP: True
GPU: NVIDIA GeForce RTX 2080 Ti, 11.3 GB
======================================================================
CompGCN+DistMult | FB15k-237-er800 | seed=456
d_h=200 L=2 lr=0.0005 ls=0.3 epochs=200
======================================================================
  KG: 14364 ent, 474 rel, 210464 edges
  Train/Val/Test: 105232/17535/20466
  Params: 3,318,800
  Training: epochs=200, lr=0.0005, batch=4096, ls=0.3
  Steps/epoch: 25
  E  1/200 Loss:9.816 lr:5.00e-04 2s
  >> Val MRR:0.1210 H@1:9.4% H@10:16.6% ** BEST **
  E 10/200 Loss:6.713 lr:5.00e-04 1s
  >> Val MRR:0.2519 H@1:18.6% H@10:38.2% ** BEST **
  >> Val MRR:0.2607 H@1:18.6% H@10:40.2% ** BEST **
  E 20/200 Loss:5.952 lr:5.00e-04 1s
  >> Val MRR:0.2698 H@1:19.6% H@10:42.0% ** BEST **
  >> Val MRR:0.2760 H@1:20.6% H@10:41.6% ** BEST **
  E 30/200 Loss:5.665 lr:5.00e-04 1s
  >> Val MRR:0.2737 (best:0.2760 p:1/30)
  >> Val MRR:0.2811 H@1:21.2% H@10:44.0% ** BEST **
  E 40/200 Loss:5.508 lr:5.00e-04 1s
  >> Val MRR:0.2759 (best:0.2811 p:1/30)
  >> Val MRR:0.2827 H@1:21.6% H@10:43.0% ** BEST **
  E 50/200 Loss:5.399 lr:5.00e-04 1s
  >> Val MRR:0.2760 (best:0.2827 p:1/30)
  >> Val MRR:0.2735 (best:0.2827 p:2/30)
  E 60/200 Loss:5.319 lr:5.00e-04 1s
  >> Val MRR:0.2747 (best:0.2827 p:3/30)
  E 70/200 Loss:5.249 lr:5.00e-04 1s
  E 80/200 Loss:5.194 lr:5.00e-04 1s
  E 90/200 Loss:5.150 lr:5.00e-04 1s
  >> Val MRR:0.2709 (best:0.2827 p:10/30)
  E100/200 Loss:5.108 lr:5.00e-04 1s
  E110/200 Loss:5.071 lr:5.00e-04 1s
  E120/200 Loss:5.041 lr:1.50e-04 1s
  E130/200 Loss:4.990 lr:1.50e-04 1s
  E140/200 Loss:4.978 lr:1.50e-04 1s
  >> Val MRR:0.2832 H@1:21.4% H@10:42.2% ** BEST **
  >> Val MRR:0.2830 (best:0.2832 p:1/30)
  E150/200 Loss:4.971 lr:1.50e-04 1s
  >> Val MRR:0.2817 (best:0.2832 p:2/30)
  >> Val MRR:0.2845 H@1:21.6% H@10:42.0% ** BEST **
  E160/200 Loss:4.963 lr:4.50e-05 1s
  >> Val MRR:0.2786 (best:0.2845 p:1/30)
  >> Val MRR:0.2807 (best:0.2845 p:2/30)
  E170/200 Loss:4.949 lr:4.50e-05 1s
  >> Val MRR:0.2807 (best:0.2845 p:3/30)
  E180/200 Loss:4.942 lr:4.50e-05 1s
  E190/200 Loss:4.940 lr:4.50e-05 1s
  E200/200 Loss:4.934 lr:4.50e-05 1s
  Training done: 326s, best_val_MRR=0.2845
  Full test evaluation (20466 triples)...

  FINAL TEST: MRR=0.2651 H@1=19.6% H@3=28.5% H@10=40.6%
  Saved: /home/shanxh/decoder/FB15k-237-er800_d200_L2_ls0.3_seed456.json
=== FB15k-237-er800/DistMult@d200/seed456 rc=0 in 443s ===
=== [26/31] FB15k-237-er400/ComplEx@d200/seed42 ===
Device: cuda, AMP: True
GPU: NVIDIA GeForce RTX 2080 Ti, 11.3 GB
======================================================================
CompGCN+DistMult | FB15k-237-er400 | seed=42
d_h=200 L=2 lr=0.0005 ls=0.3 epochs=200
======================================================================
  KG: 14191 ent, 474 rel, 139946 edges
  Train/Val/Test: 69973/17535/20466
  Params: 3,284,200
  Training: epochs=200, lr=0.0005, batch=4096, ls=0.3
  Steps/epoch: 17
  E  1/200 Loss:10.194 lr:5.00e-04 1s
  >> Val MRR:0.0421 H@1:2.8% H@10:6.4% ** BEST **
  E 10/200 Loss:7.066 lr:5.00e-04 1s
  >> Val MRR:0.1637 H@1:12.4% H@10:23.6% ** BEST **
  >> Val MRR:0.2157 H@1:16.4% H@10:33.0% ** BEST **
  E 20/200 Loss:5.867 lr:5.00e-04 1s
  >> Val MRR:0.2301 H@1:17.4% H@10:35.0% ** BEST **
  >> Val MRR:0.2320 H@1:16.6% H@10:36.6% ** BEST **
  E 30/200 Loss:5.522 lr:5.00e-04 1s
  >> Val MRR:0.2311 (best:0.2320 p:1/30)
  >> Val MRR:0.2412 H@1:17.4% H@10:37.4% ** BEST **
  E 40/200 Loss:5.350 lr:5.00e-04 1s
  >> Val MRR:0.2450 H@1:17.2% H@10:38.8% ** BEST **
  >> Val MRR:0.2472 H@1:18.4% H@10:39.6% ** BEST **
  E 50/200 Loss:5.237 lr:5.00e-04 1s
  >> Val MRR:0.2500 H@1:18.0% H@10:40.0% ** BEST **
  >> Val MRR:0.2501 H@1:17.8% H@10:41.0% ** BEST **
  E 60/200 Loss:5.159 lr:5.00e-04 1s
  >> Val MRR:0.2533 H@1:18.2% H@10:41.2% ** BEST **
  >> Val MRR:0.2529 (best:0.2533 p:1/30)
  E 70/200 Loss:5.096 lr:5.00e-04 1s
  >> Val MRR:0.2459 (best:0.2533 p:2/30)
  >> Val MRR:0.2551 H@1:18.8% H@10:41.0% ** BEST **
  E 80/200 Loss:5.044 lr:5.00e-04 1s
  >> Val MRR:0.2517 (best:0.2551 p:1/30)
  >> Val MRR:0.2526 (best:0.2551 p:2/30)
  E 90/200 Loss:5.004 lr:5.00e-04 1s
  >> Val MRR:0.2568 H@1:18.4% H@10:41.4% ** BEST **
  >> Val MRR:0.2617 H@1:19.4% H@10:42.2% ** BEST **
  E100/200 Loss:4.962 lr:5.00e-04 1s
  >> Val MRR:0.2623 H@1:19.2% H@10:41.2% ** BEST **
  >> Val MRR:0.2575 (best:0.2623 p:1/30)
  E110/200 Loss:4.938 lr:5.00e-04 1s
  >> Val MRR:0.2587 (best:0.2623 p:2/30)
  >> Val MRR:0.2638 H@1:19.6% H@10:40.4% ** BEST **
  E120/200 Loss:4.907 lr:1.50e-04 1s
  >> Val MRR:0.2599 (best:0.2638 p:1/30)
  >> Val MRR:0.2609 (best:0.2638 p:2/30)
  E130/200 Loss:4.859 lr:1.50e-04 1s
  >> Val MRR:0.2628 (best:0.2638 p:3/30)
  E140/200 Loss:4.845 lr:1.50e-04 1s
  E150/200 Loss:4.838 lr:1.50e-04 1s
  E160/200 Loss:4.827 lr:4.50e-05 1s
  >> Val MRR:0.2585 (best:0.2638 p:10/30)
  E170/200 Loss:4.814 lr:4.50e-05 1s
  E180/200 Loss:4.810 lr:4.50e-05 1s
  E190/200 Loss:4.807 lr:4.50e-05 1s
  E200/200 Loss:4.807 lr:4.50e-05 1s
  Training done: 215s, best_val_MRR=0.2638
  Full test evaluation (20466 triples)...

  FINAL TEST: MRR=0.2406 H@1=17.6% H@3=26.0% H@10=37.0%
  Saved: /home/shanxh/decoder/FB15k-237-er400_d200_L2_ls0.3_ComplEx_seed42.json
=== FB15k-237-er400/ComplEx@d200/seed42 rc=0 in 307s ===
=== [27/31] FB15k-237-er400/ComplEx@d200/seed123 ===
Device: cuda, AMP: True
GPU: NVIDIA GeForce RTX 2080 Ti, 11.3 GB
======================================================================
CompGCN+DistMult | FB15k-237-er400 | seed=123
d_h=200 L=2 lr=0.0005 ls=0.3 epochs=200
======================================================================
  KG: 14191 ent, 474 rel, 139946 edges
  Train/Val/Test: 69973/17535/20466
  Params: 3,284,200
  Training: epochs=200, lr=0.0005, batch=4096, ls=0.3
  Steps/epoch: 17
  E  1/200 Loss:10.200 lr:5.00e-04 1s
  >> Val MRR:0.0256 H@1:1.8% H@10:3.6% ** BEST **
  E 10/200 Loss:7.037 lr:5.00e-04 1s
  >> Val MRR:0.1584 H@1:11.8% H@10:24.4% ** BEST **
  >> Val MRR:0.1972 H@1:14.0% H@10:33.0% ** BEST **
  E 20/200 Loss:5.876 lr:5.00e-04 1s
  >> Val MRR:0.2189 H@1:16.6% H@10:34.0% ** BEST **
  >> Val MRR:0.2374 H@1:17.8% H@10:36.6% ** BEST **
  E 30/200 Loss:5.511 lr:5.00e-04 1s
  >> Val MRR:0.2396 H@1:18.4% H@10:37.0% ** BEST **
  >> Val MRR:0.2434 H@1:18.4% H@10:36.8% ** BEST **
  E 40/200 Loss:5.339 lr:5.00e-04 1s
  >> Val MRR:0.2373 (best:0.2434 p:1/30)
  >> Val MRR:0.2532 H@1:20.0% H@10:36.6% ** BEST **
  E 50/200 Loss:5.226 lr:5.00e-04 1s
  >> Val MRR:0.2509 (best:0.2532 p:1/30)
  >> Val MRR:0.2498 (best:0.2532 p:2/30)
  E 60/200 Loss:5.153 lr:5.00e-04 1s
  >> Val MRR:0.2499 (best:0.2532 p:3/30)
  E 70/200 Loss:5.092 lr:5.00e-04 1s
  >> Val MRR:0.2575 H@1:19.6% H@10:36.6% ** BEST **
  E 80/200 Loss:5.040 lr:5.00e-04 1s
  >> Val MRR:0.2569 (best:0.2575 p:1/30)
  >> Val MRR:0.2468 (best:0.2575 p:2/30)
  E 90/200 Loss:4.998 lr:5.00e-04 1s
  >> Val MRR:0.2498 (best:0.2575 p:3/30)
  E100/200 Loss:4.961 lr:5.00e-04 1s
  E110/200 Loss:4.932 lr:5.00e-04 1s
  E120/200 Loss:4.901 lr:1.50e-04 1s
  >> Val MRR:0.2488 (best:0.2575 p:10/30)
  E130/200 Loss:4.854 lr:1.50e-04 1s
  E140/200 Loss:4.840 lr:1.50e-04 1s
  E150/200 Loss:4.829 lr:1.50e-04 1s
  E160/200 Loss:4.824 lr:4.50e-05 1s
  E170/200 Loss:4.812 lr:4.50e-05 1s
  >> Val MRR:0.2490 (best:0.2575 p:20/30)
  E180/200 Loss:4.803 lr:4.50e-05 1s
  E190/200 Loss:4.806 lr:4.50e-05 1s
  E200/200 Loss:4.800 lr:4.50e-05 1s
  Training done: 215s, best_val_MRR=0.2575
  Full test evaluation (20466 triples)...

  FINAL TEST: MRR=0.2372 H@1=17.4% H@3=25.4% H@10=36.4%
  Saved: /home/shanxh/decoder/FB15k-237-er400_d200_L2_ls0.3_ComplEx_seed123.json
=== FB15k-237-er400/ComplEx@d200/seed123 rc=0 in 306s ===
=== [28/31] FB15k-237-er400/ComplEx@d200/seed456 ===
Device: cuda, AMP: True
GPU: NVIDIA GeForce RTX 2080 Ti, 11.3 GB
======================================================================
CompGCN+DistMult | FB15k-237-er400 | seed=456
d_h=200 L=2 lr=0.0005 ls=0.3 epochs=200
======================================================================
  KG: 14191 ent, 474 rel, 139946 edges
  Train/Val/Test: 69973/17535/20466
  Params: 3,284,200
  Training: epochs=200, lr=0.0005, batch=4096, ls=0.3
  Steps/epoch: 17
  E  1/200 Loss:10.193 lr:5.00e-04 1s
  >> Val MRR:0.0446 H@1:3.4% H@10:6.4% ** BEST **
  E 10/200 Loss:7.080 lr:5.00e-04 1s
  >> Val MRR:0.1589 H@1:12.4% H@10:21.2% ** BEST **
  >> Val MRR:0.2195 H@1:16.8% H@10:33.6% ** BEST **
  E 20/200 Loss:5.881 lr:5.00e-04 1s
  >> Val MRR:0.2352 H@1:17.6% H@10:35.4% ** BEST **
  >> Val MRR:0.2401 H@1:17.4% H@10:36.6% ** BEST **
  E 30/200 Loss:5.513 lr:5.00e-04 1s
  >> Val MRR:0.2510 H@1:18.8% H@10:36.8% ** BEST **
  >> Val MRR:0.2480 (best:0.2510 p:1/30)
  E 40/200 Loss:5.331 lr:5.00e-04 1s
  >> Val MRR:0.2411 (best:0.2510 p:2/30)
  >> Val MRR:0.2500 (best:0.2510 p:3/30)
  E 50/200 Loss:5.218 lr:5.00e-04 1s
  E 60/200 Loss:5.143 lr:5.00e-04 1s
  E 70/200 Loss:5.078 lr:5.00e-04 1s
  E 80/200 Loss:5.026 lr:5.00e-04 1s
  >> Val MRR:0.2420 (best:0.2510 p:10/30)
  E 90/200 Loss:4.986 lr:5.00e-04 1s
  E100/200 Loss:4.952 lr:5.00e-04 1s
  E110/200 Loss:4.921 lr:5.00e-04 1s
  >> Val MRR:0.2520 H@1:18.4% H@10:39.0% ** BEST **
  E120/200 Loss:4.891 lr:1.50e-04 1s
  >> Val MRR:0.2498 (best:0.2520 p:1/30)
  >> Val MRR:0.2530 H@1:18.8% H@10:37.6% ** BEST **
  E130/200 Loss:4.843 lr:1.50e-04 1s
  >> Val MRR:0.2543 H@1:19.0% H@10:38.6% ** BEST **
  >> Val MRR:0.2523 (best:0.2543 p:1/30)
  E140/200 Loss:4.830 lr:1.50e-04 1s
  >> Val MRR:0.2557 H@1:19.4% H@10:37.8% ** BEST **
  >> Val MRR:0.2488 (best:0.2557 p:1/30)
  E150/200 Loss:4.820 lr:1.50e-04 1s
  >> Val MRR:0.2495 (best:0.2557 p:2/30)
  >> Val MRR:0.2465 (best:0.2557 p:3/30)
  E160/200 Loss:4.811 lr:4.50e-05 1s
  E170/200 Loss:4.800 lr:4.50e-05 1s
  E180/200 Loss:4.795 lr:4.50e-05 1s
  E190/200 Loss:4.794 lr:4.50e-05 1s
  >> Val MRR:0.2453 (best:0.2557 p:10/30)
  E200/200 Loss:4.789 lr:4.50e-05 1s
  Training done: 215s, best_val_MRR=0.2557
  Full test evaluation (20466 triples)...

  FINAL TEST: MRR=0.2373 H@1=17.5% H@3=25.4% H@10=36.5%
  Saved: /home/shanxh/decoder/FB15k-237-er400_d200_L2_ls0.3_ComplEx_seed456.json
=== FB15k-237-er400/ComplEx@d200/seed456 rc=0 in 306s ===
=== [29/31] FB15k-237-er400/DistMult@d200/seed42 ===
Device: cuda, AMP: True
GPU: NVIDIA GeForce RTX 2080 Ti, 11.3 GB
======================================================================
CompGCN+DistMult | FB15k-237-er400 | seed=42
d_h=200 L=2 lr=0.0005 ls=0.3 epochs=200
======================================================================
  KG: 14191 ent, 474 rel, 139946 edges
  Train/Val/Test: 69973/17535/20466
  Params: 3,284,200
  Training: epochs=200, lr=0.0005, batch=4096, ls=0.3
  Steps/epoch: 17
  E  1/200 Loss:9.818 lr:5.00e-04 1s
  >> Val MRR:0.0432 H@1:2.8% H@10:7.4% ** BEST **
  E 10/200 Loss:7.149 lr:5.00e-04 1s
  >> Val MRR:0.1325 H@1:9.4% H@10:21.0% ** BEST **
  >> Val MRR:0.2089 H@1:15.2% H@10:32.6% ** BEST **
  E 20/200 Loss:5.915 lr:5.00e-04 1s
  >> Val MRR:0.2190 H@1:16.2% H@10:33.6% ** BEST **
  >> Val MRR:0.2307 H@1:17.0% H@10:35.6% ** BEST **
  E 30/200 Loss:5.530 lr:5.00e-04 1s
  >> Val MRR:0.2361 H@1:17.2% H@10:37.4% ** BEST **
  >> Val MRR:0.2422 H@1:17.6% H@10:39.0% ** BEST **
  E 40/200 Loss:5.340 lr:5.00e-04 1s
  >> Val MRR:0.2393 (best:0.2422 p:1/30)
  >> Val MRR:0.2382 (best:0.2422 p:2/30)
  E 50/200 Loss:5.225 lr:5.00e-04 1s
  >> Val MRR:0.2419 (best:0.2422 p:3/30)
  E 60/200 Loss:5.152 lr:5.00e-04 1s
  >> Val MRR:0.2468 H@1:19.0% H@10:37.6% ** BEST **
  >> Val MRR:0.2464 (best:0.2468 p:1/30)
  E 70/200 Loss:5.081 lr:5.00e-04 1s
  >> Val MRR:0.2398 (best:0.2468 p:2/30)
  >> Val MRR:0.2471 H@1:18.8% H@10:36.6% ** BEST **
  E 80/200 Loss:5.029 lr:5.00e-04 1s
  >> Val MRR:0.2484 H@1:19.0% H@10:38.6% ** BEST **
  >> Val MRR:0.2530 H@1:20.0% H@10:37.2% ** BEST **
  E 90/200 Loss:4.986 lr:5.00e-04 1s
  >> Val MRR:0.2519 (best:0.2530 p:1/30)
  >> Val MRR:0.2492 (best:0.2530 p:2/30)
  E100/200 Loss:4.942 lr:5.00e-04 1s
  >> Val MRR:0.2484 (best:0.2530 p:3/30)
  E110/200 Loss:4.911 lr:5.00e-04 1s
  >> Val MRR:0.2578 H@1:20.0% H@10:37.4% ** BEST **
  E120/200 Loss:4.883 lr:1.50e-04 1s
  >> Val MRR:0.2534 (best:0.2578 p:1/30)
  >> Val MRR:0.2537 (best:0.2578 p:2/30)
  E130/200 Loss:4.833 lr:1.50e-04 1s
  >> Val MRR:0.2554 (best:0.2578 p:3/30)
  E140/200 Loss:4.816 lr:1.50e-04 1s
  E150/200 Loss:4.807 lr:1.50e-04 1s
  E160/200 Loss:4.795 lr:4.50e-05 1s
  >> Val MRR:0.2504 (best:0.2578 p:10/30)
  E170/200 Loss:4.782 lr:4.50e-05 1s
  E180/200 Loss:4.779 lr:4.50e-05 1s
  E190/200 Loss:4.779 lr:4.50e-05 1s
  E200/200 Loss:4.773 lr:4.50e-05 1s
  Training done: 210s, best_val_MRR=0.2578
  Full test evaluation (20466 triples)...

  FINAL TEST: MRR=0.2362 H@1=17.3% H@3=25.5% H@10=36.6%
  Saved: /home/shanxh/decoder/FB15k-237-er400_d200_L2_ls0.3_seed42.json
=== FB15k-237-er400/DistMult@d200/seed42 rc=0 in 302s ===
=== [30/31] FB15k-237-er400/DistMult@d200/seed123 ===
Device: cuda, AMP: True
GPU: NVIDIA GeForce RTX 2080 Ti, 11.3 GB
======================================================================
CompGCN+DistMult | FB15k-237-er400 | seed=123
d_h=200 L=2 lr=0.0005 ls=0.3 epochs=200
======================================================================
  KG: 14191 ent, 474 rel, 139946 edges
  Train/Val/Test: 69973/17535/20466
  Params: 3,284,200
  Training: epochs=200, lr=0.0005, batch=4096, ls=0.3
  Steps/epoch: 17
  E  1/200 Loss:9.828 lr:5.00e-04 1s
  >> Val MRR:0.0306 H@1:2.0% H@10:5.2% ** BEST **
  E 10/200 Loss:7.156 lr:5.00e-04 1s
  >> Val MRR:0.1386 H@1:10.0% H@10:21.8% ** BEST **
  >> Val MRR:0.2076 H@1:15.6% H@10:31.4% ** BEST **
  E 20/200 Loss:5.901 lr:5.00e-04 1s
  >> Val MRR:0.2310 H@1:17.6% H@10:35.2% ** BEST **
  >> Val MRR:0.2371 H@1:17.8% H@10:35.8% ** BEST **
  E 30/200 Loss:5.517 lr:5.00e-04 1s
  >> Val MRR:0.2475 H@1:18.6% H@10:38.2% ** BEST **
  >> Val MRR:0.2492 H@1:19.0% H@10:36.0% ** BEST **
  E 40/200 Loss:5.334 lr:5.00e-04 1s
  >> Val MRR:0.2450 (best:0.2492 p:1/30)
  >> Val MRR:0.2410 (best:0.2492 p:2/30)
  E 50/200 Loss:5.217 lr:5.00e-04 1s
  >> Val MRR:0.2406 (best:0.2492 p:3/30)
  E 60/200 Loss:5.136 lr:5.00e-04 1s
  E 70/200 Loss:5.066 lr:5.00e-04 1s
  E 80/200 Loss:5.014 lr:5.00e-04 1s
  >> Val MRR:0.2513 H@1:19.2% H@10:38.4% ** BEST **
  >> Val MRR:0.2488 (best:0.2513 p:1/30)
  E 90/200 Loss:4.974 lr:5.00e-04 1s
  >> Val MRR:0.2508 (best:0.2513 p:2/30)
  >> Val MRR:0.2449 (best:0.2513 p:3/30)
  E100/200 Loss:4.932 lr:5.00e-04 1s
  E110/200 Loss:4.895 lr:5.00e-04 1s
  >> Val MRR:0.2528 H@1:19.6% H@10:37.8% ** BEST **
  >> Val MRR:0.2506 (best:0.2528 p:1/30)
  E120/200 Loss:4.869 lr:1.50e-04 1s
  >> Val MRR:0.2489 (best:0.2528 p:2/30)
  >> Val MRR:0.2470 (best:0.2528 p:3/30)
  E130/200 Loss:4.821 lr:1.50e-04 1s
  E140/200 Loss:4.808 lr:1.50e-04 1s
  E150/200 Loss:4.801 lr:1.50e-04 1s
  >> Val MRR:0.2547 H@1:19.2% H@10:36.4% ** BEST **
  >> Val MRR:0.2520 (best:0.2547 p:1/30)
  E160/200 Loss:4.785 lr:4.50e-05 1s
  >> Val MRR:0.2531 (best:0.2547 p:2/30)
  >> Val MRR:0.2518 (best:0.2547 p:3/30)
  E170/200 Loss:4.773 lr:4.50e-05 1s
  E180/200 Loss:4.770 lr:4.50e-05 1s
  E190/200 Loss:4.770 lr:4.50e-05 1s
  E200/200 Loss:4.762 lr:4.50e-05 1s
  >> Val MRR:0.2520 (best:0.2547 p:10/30)
  Training done: 209s, best_val_MRR=0.2547
  Full test evaluation (20466 triples)...

  FINAL TEST: MRR=0.2353 H@1=17.3% H@3=25.3% H@10=36.2%
  Saved: /home/shanxh/decoder/FB15k-237-er400_d200_L2_ls0.3_seed123.json
=== FB15k-237-er400/DistMult@d200/seed123 rc=0 in 299s ===
=== [31/31] FB15k-237-er400/DistMult@d200/seed456 ===
Device: cuda, AMP: True
GPU: NVIDIA GeForce RTX 2080 Ti, 11.3 GB
======================================================================
CompGCN+DistMult | FB15k-237-er400 | seed=456
d_h=200 L=2 lr=0.0005 ls=0.3 epochs=200
======================================================================
  KG: 14191 ent, 474 rel, 139946 edges
  Train/Val/Test: 69973/17535/20466
  Params: 3,284,200
  Training: epochs=200, lr=0.0005, batch=4096, ls=0.3
  Steps/epoch: 17
  E  1/200 Loss:9.821 lr:5.00e-04 1s
  >> Val MRR:0.0327 H@1:2.2% H@10:5.6% ** BEST **
  E 10/200 Loss:7.172 lr:5.00e-04 1s
  >> Val MRR:0.1170 H@1:7.4% H@10:20.2% ** BEST **
  >> Val MRR:0.1934 H@1:14.2% H@10:29.6% ** BEST **
  E 20/200 Loss:5.928 lr:5.00e-04 1s
  >> Val MRR:0.2146 H@1:15.8% H@10:34.8% ** BEST **
  >> Val MRR:0.2224 H@1:15.6% H@10:36.8% ** BEST **
  E 30/200 Loss:5.523 lr:5.00e-04 1s
  >> Val MRR:0.2303 H@1:16.8% H@10:36.6% ** BEST **
  >> Val MRR:0.2260 (best:0.2303 p:1/30)
  E 40/200 Loss:5.337 lr:5.00e-04 1s
  >> Val MRR:0.2353 H@1:16.8% H@10:37.8% ** BEST **
  >> Val MRR:0.2331 (best:0.2353 p:1/30)
  E 50/200 Loss:5.216 lr:5.00e-04 1s
  >> Val MRR:0.2356 H@1:17.0% H@10:36.6% ** BEST **
  >> Val MRR:0.2363 H@1:16.8% H@10:38.4% ** BEST **
  E 60/200 Loss:5.135 lr:5.00e-04 1s
  >> Val MRR:0.2365 H@1:17.0% H@10:38.0% ** BEST **
  >> Val MRR:0.2376 H@1:17.0% H@10:38.6% ** BEST **
  E 70/200 Loss:5.070 lr:5.00e-04 1s
  >> Val MRR:0.2404 H@1:17.6% H@10:38.6% ** BEST **
  >> Val MRR:0.2359 (best:0.2404 p:1/30)
  E 80/200 Loss:5.013 lr:5.00e-04 1s
  >> Val MRR:0.2424 H@1:18.0% H@10:37.6% ** BEST **
  >> Val MRR:0.2398 (best:0.2424 p:1/30)
  E 90/200 Loss:4.967 lr:5.00e-04 1s
  >> Val MRR:0.2407 (best:0.2424 p:2/30)
  >> Val MRR:0.2404 (best:0.2424 p:3/30)
  E100/200 Loss:4.925 lr:5.00e-04 1s
  E110/200 Loss:4.889 lr:5.00e-04 1s
  E120/200 Loss:4.862 lr:1.50e-04 1s
  E130/200 Loss:4.816 lr:1.50e-04 1s
  >> Val MRR:0.2428 H@1:17.6% H@10:37.6% ** BEST **
  >> Val MRR:0.2406 (best:0.2428 p:1/30)
  E140/200 Loss:4.802 lr:1.50e-04 1s
  >> Val MRR:0.2413 (best:0.2428 p:2/30)
  >> Val MRR:0.2383 (best:0.2428 p:3/30)
  E150/200 Loss:4.792 lr:1.50e-04 1s
  E160/200 Loss:4.780 lr:4.50e-05 1s
  E170/200 Loss:4.773 lr:4.50e-05 1s
  E180/200 Loss:4.769 lr:4.50e-05 1s
  >> Val MRR:0.2398 (best:0.2428 p:10/30)
  E190/200 Loss:4.764 lr:4.50e-05 1s
  E200/200 Loss:4.755 lr:4.50e-05 1s
  Training done: 208s, best_val_MRR=0.2428
  Full test evaluation (20466 triples)...

  FINAL TEST: MRR=0.2355 H@1=17.5% H@3=25.1% H@10=35.8%
  Saved: /home/shanxh/decoder/FB15k-237-er400_d200_L2_ls0.3_seed456.json
=== FB15k-237-er400/DistMult@d200/seed456 rc=0 in 300s ===
=== GPU2 QUEUE DONE ===
