nohup: ignoring input
=== cuda0 [1/3] ['/home/shanxh/Python-3.10.14/python', 'server_wn18rr.py', '--dataset', 'YAGO3-10', '--seed', '42', '--d_h', '64', '--layers', '0', '--lr', '5e-4', '--epochs', '150', '--val_every', '10', '--batch_size', '2048', '--scorer', 'ComplEx'] ===
Device: cuda, AMP: True
GPU: NVIDIA GeForce RTX 2080 Ti, 11.3 GB
======================================================================
CompGCN+DistMult | YAGO3-10 | seed=42
d_h=64 L=0 lr=0.0005 ls=0.3 epochs=150
======================================================================
  KG: 123182 ent, 74 rel, 2158080 edges
  Train/Val/Test: 1079040/5000/5000
  Params: 7,888,512
  Training: epochs=150, lr=0.0005, batch=2048, ls=0.3
  Steps/epoch: 526
  E  1/150 Loss:9.018 lr:5.00e-04 24s
  E 10/150 Loss:6.505 lr:5.00e-04 24s
  >> Val MRR:0.4992 H@1:40.0% H@10:68.6% ** BEST **
  E 20/150 Loss:6.297 lr:5.00e-04 24s
  >> Val MRR:0.5743 H@1:49.4% H@10:73.6% ** BEST **
  E 30/150 Loss:6.196 lr:5.00e-04 24s
  >> Val MRR:0.6000 H@1:51.2% H@10:76.4% ** BEST **
  E 40/150 Loss:6.135 lr:5.00e-04 24s
  >> Val MRR:0.6155 H@1:54.0% H@10:75.8% ** BEST **
  E 50/150 Loss:6.093 lr:5.00e-04 24s
  >> Val MRR:0.6232 H@1:54.8% H@10:76.4% ** BEST **
  E 60/150 Loss:6.061 lr:5.00e-04 24s
  >> Val MRR:0.6438 H@1:57.8% H@10:77.2% ** BEST **
  E 70/150 Loss:6.035 lr:5.00e-04 24s
  >> Val MRR:0.6545 H@1:59.8% H@10:76.2% ** BEST **
  E 80/150 Loss:6.015 lr:5.00e-04 24s
  >> Val MRR:0.6494 (best:0.6545 p:1/30)
  E 90/150 Loss:5.997 lr:1.50e-04 24s
  >> Val MRR:0.6544 (best:0.6545 p:2/30)
  E100/150 Loss:5.852 lr:1.50e-04 24s
  >> Val MRR:0.6664 H@1:61.8% H@10:76.4% ** BEST **
  E110/150 Loss:5.845 lr:1.50e-04 24s
  >> Val MRR:0.6614 (best:0.6664 p:1/30)
  E120/150 Loss:5.839 lr:4.50e-05 24s
  >> Val MRR:0.6628 (best:0.6664 p:2/30)
  E130/150 Loss:5.787 lr:4.50e-05 24s
  >> Val MRR:0.6624 (best:0.6664 p:3/30)
  E140/150 Loss:5.784 lr:4.50e-05 24s
  E150/150 Loss:5.782 lr:4.50e-05 24s
  Training done: 3572s, best_val_MRR=0.6664
/home/shanxh/python3.10/lib/python3.10/site-packages/torch/_utils.py:831: UserWarning: TypedStorage is deprecated. It will be removed in the future and UntypedStorage will be the only storage class. This should only matter to you if you are using storages directly.  To access UntypedStorage directly, use tensor.untyped_storage() instead of tensor.storage()
  return self.fget.__get__(instance, owner)()
  Full test evaluation (5000 triples)...

  FINAL TEST: MRR=0.6653 H@1=60.0% H@3=70.8% H@10=77.7%
  Saved: /home/shanxh/NM-NBFNet/YAGO3-10_d64_L0_ls0.3_ComplEx_seed42.json
=== cuda0 [1/3] Done in 3580s ===
=== cuda0 [2/3] ['/home/shanxh/Python-3.10.14/python', 'server_wn18rr.py', '--dataset', 'YAGO3-10', '--seed', '123', '--d_h', '64', '--layers', '0', '--lr', '5e-4', '--epochs', '150', '--val_every', '10', '--batch_size', '2048', '--scorer', 'ComplEx'] ===
Device: cuda, AMP: True
GPU: NVIDIA GeForce RTX 2080 Ti, 11.3 GB
======================================================================
CompGCN+DistMult | YAGO3-10 | seed=123
d_h=64 L=0 lr=0.0005 ls=0.3 epochs=150
======================================================================
  KG: 123182 ent, 74 rel, 2158080 edges
  Train/Val/Test: 1079040/5000/5000
  Params: 7,888,512
  Training: epochs=150, lr=0.0005, batch=2048, ls=0.3
  Steps/epoch: 526
  E  1/150 Loss:9.046 lr:5.00e-04 24s
  E 10/150 Loss:6.514 lr:5.00e-04 24s
  >> Val MRR:0.4903 H@1:38.0% H@10:67.2% ** BEST **
  E 20/150 Loss:6.305 lr:5.00e-04 24s
  >> Val MRR:0.5632 H@1:47.0% H@10:72.4% ** BEST **
  E 30/150 Loss:6.196 lr:5.00e-04 24s
  >> Val MRR:0.6043 H@1:52.4% H@10:74.0% ** BEST **
  E 40/150 Loss:6.131 lr:5.00e-04 24s
  >> Val MRR:0.6277 H@1:56.0% H@10:74.8% ** BEST **
  E 50/150 Loss:6.086 lr:5.00e-04 24s
  >> Val MRR:0.6353 H@1:56.4% H@10:76.0% ** BEST **
  E 60/150 Loss:6.053 lr:5.00e-04 24s
  >> Val MRR:0.6463 H@1:58.0% H@10:75.6% ** BEST **
  E 70/150 Loss:6.027 lr:5.00e-04 24s
  >> Val MRR:0.6453 (best:0.6463 p:1/30)
  E 80/150 Loss:6.006 lr:5.00e-04 24s
  >> Val MRR:0.6493 H@1:58.2% H@10:76.6% ** BEST **
  E 90/150 Loss:5.988 lr:1.50e-04 24s
  >> Val MRR:0.6609 H@1:60.0% H@10:76.0% ** BEST **
  E100/150 Loss:5.839 lr:1.50e-04 24s
  >> Val MRR:0.6648 H@1:60.6% H@10:76.4% ** BEST **
  E110/150 Loss:5.832 lr:1.50e-04 24s
  >> Val MRR:0.6694 H@1:61.4% H@10:76.2% ** BEST **
  E120/150 Loss:5.826 lr:4.50e-05 24s
  >> Val MRR:0.6721 H@1:62.0% H@10:76.6% ** BEST **
  E130/150 Loss:5.772 lr:4.50e-05 24s
  >> Val MRR:0.6720 (best:0.6721 p:1/30)
  E140/150 Loss:5.770 lr:4.50e-05 24s
  >> Val MRR:0.6732 H@1:62.2% H@10:75.8% ** BEST **
  E150/150 Loss:5.767 lr:4.50e-05 24s
  >> Val MRR:0.6732 (best:0.6732 p:1/30)
  Training done: 3573s, best_val_MRR=0.6732
/home/shanxh/python3.10/lib/python3.10/site-packages/torch/_utils.py:831: UserWarning: TypedStorage is deprecated. It will be removed in the future and UntypedStorage will be the only storage class. This should only matter to you if you are using storages directly.  To access UntypedStorage directly, use tensor.untyped_storage() instead of tensor.storage()
  return self.fget.__get__(instance, owner)()
  Full test evaluation (5000 triples)...

  FINAL TEST: MRR=0.6728 H@1=61.2% H@3=71.4% H@10=77.3%
  Saved: /home/shanxh/NM-NBFNet/YAGO3-10_d64_L0_ls0.3_ComplEx_seed123.json
=== cuda0 [2/3] Done in 3581s ===
=== cuda0 [3/3] ['/home/shanxh/Python-3.10.14/python', 'server_wn18rr.py', '--dataset', 'YAGO3-10', '--seed', '456', '--d_h', '64', '--layers', '0', '--lr', '5e-4', '--epochs', '150', '--val_every', '10', '--batch_size', '2048', '--scorer', 'ComplEx'] ===
Device: cuda, AMP: True
GPU: NVIDIA GeForce RTX 2080 Ti, 11.3 GB
======================================================================
CompGCN+DistMult | YAGO3-10 | seed=456
d_h=64 L=0 lr=0.0005 ls=0.3 epochs=150
======================================================================
  KG: 123182 ent, 74 rel, 2158080 edges
  Train/Val/Test: 1079040/5000/5000
  Params: 7,888,512
  Training: epochs=150, lr=0.0005, batch=2048, ls=0.3
  Steps/epoch: 526
  E  1/150 Loss:9.030 lr:5.00e-04 24s
  E 10/150 Loss:6.515 lr:5.00e-04 24s
  >> Val MRR:0.5062 H@1:41.4% H@10:67.6% ** BEST **
  E 20/150 Loss:6.303 lr:5.00e-04 24s
  >> Val MRR:0.5611 H@1:47.0% H@10:72.2% ** BEST **
  E 30/150 Loss:6.193 lr:5.00e-04 24s
  >> Val MRR:0.5978 H@1:52.0% H@10:73.8% ** BEST **
  E 40/150 Loss:6.126 lr:5.00e-04 24s
  >> Val MRR:0.6044 H@1:52.0% H@10:74.8% ** BEST **
  E 50/150 Loss:6.080 lr:5.00e-04 24s
  >> Val MRR:0.6367 H@1:57.0% H@10:74.2% ** BEST **
  E 60/150 Loss:6.046 lr:5.00e-04 24s
  >> Val MRR:0.6364 (best:0.6367 p:1/30)
  E 70/150 Loss:6.019 lr:5.00e-04 24s
  >> Val MRR:0.6348 (best:0.6367 p:2/30)
  E 80/150 Loss:5.997 lr:5.00e-04 24s
  >> Val MRR:0.6377 H@1:56.4% H@10:76.2% ** BEST **
  E 90/150 Loss:5.978 lr:1.50e-04 24s
  >> Val MRR:0.6439 H@1:57.8% H@10:75.0% ** BEST **
  E100/150 Loss:5.830 lr:1.50e-04 24s
  >> Val MRR:0.6525 H@1:59.4% H@10:74.6% ** BEST **
  E110/150 Loss:5.823 lr:1.50e-04 24s
  >> Val MRR:0.6557 H@1:59.6% H@10:74.0% ** BEST **
  E120/150 Loss:5.817 lr:4.50e-05 24s
  >> Val MRR:0.6610 H@1:60.4% H@10:74.2% ** BEST **
  E130/150 Loss:5.764 lr:4.50e-05 24s
  >> Val MRR:0.6635 H@1:60.8% H@10:74.0% ** BEST **
  E140/150 Loss:5.762 lr:4.50e-05 24s
  >> Val MRR:0.6590 (best:0.6635 p:1/30)
  E150/150 Loss:5.760 lr:4.50e-05 24s
  >> Val MRR:0.6597 (best:0.6635 p:2/30)
  Training done: 3560s, best_val_MRR=0.6635
/home/shanxh/python3.10/lib/python3.10/site-packages/torch/_utils.py:831: UserWarning: TypedStorage is deprecated. It will be removed in the future and UntypedStorage will be the only storage class. This should only matter to you if you are using storages directly.  To access UntypedStorage directly, use tensor.untyped_storage() instead of tensor.storage()
  return self.fget.__get__(instance, owner)()
  Full test evaluation (5000 triples)...

  FINAL TEST: MRR=0.6758 H@1=61.5% H@3=71.6% H@10=77.9%
  Saved: /home/shanxh/NM-NBFNet/YAGO3-10_d64_L0_ls0.3_ComplEx_seed456.json
=== cuda0 [3/3] Done in 3569s ===
=== CUDA0 DONE ===
