nohup: ignoring input
=== CUDA2 WN18RR RotatE seed 123 chunk2048 ===
Device: cuda, AMP: True
GPU: NVIDIA GeForce RTX 2080 Ti, 11.3 GB
======================================================================
CompGCN+DistMult | WN18RR | seed=123
d_h=200 L=2 lr=0.0005 ls=0.3 epochs=300
score_chunk_size=2048
======================================================================
  KG: 40943 ent, 22 rel, 173670 edges
  Train/Val/Test: 86835/3034/3134
  Params: 8,361,200
  Training: epochs=300, lr=0.0005, batch=128, ls=0.3
  Steps/epoch: 678
  E  1/300 Loss:9.912 lr:5.00e-04 317s
  >> Val MRR:0.4430 H@1:40.6% H@10:50.4% ** BEST **
  E 10/300 Loss:4.905 lr:5.00e-04 326s
  >> Val MRR:0.4867 H@1:45.4% H@10:53.4% ** BEST **
  >> Val MRR:0.4840 (best:0.4867 p:1/30)
  E 20/300 Loss:4.713 lr:5.00e-04 316s
  >> Val MRR:0.4928 H@1:46.4% H@10:54.6% ** BEST **
  >> Val MRR:0.4971 H@1:47.0% H@10:55.6% ** BEST **
  E 30/300 Loss:4.633 lr:5.00e-04 316s
  >> Val MRR:0.4968 (best:0.4971 p:1/30)
  >> Val MRR:0.4939 (best:0.4971 p:2/30)
  E 40/300 Loss:4.591 lr:5.00e-04 316s
  >> Val MRR:0.4977 H@1:46.4% H@10:55.6% ** BEST **
  >> Val MRR:0.4969 (best:0.4977 p:1/30)
  E 50/300 Loss:4.560 lr:5.00e-04 316s
  >> Val MRR:0.5033 H@1:47.6% H@10:55.6% ** BEST **
  >> Val MRR:0.5036 H@1:48.0% H@10:55.4% ** BEST **
  E 60/300 Loss:4.540 lr:5.00e-04 316s
  >> Val MRR:0.5054 H@1:47.6% H@10:56.6% ** BEST **
  >> Val MRR:0.5037 (best:0.5054 p:1/30)
  E 70/300 Loss:4.519 lr:5.00e-04 316s
  >> Val MRR:0.5033 (best:0.5054 p:2/30)
  >> Val MRR:0.5055 H@1:47.6% H@10:57.0% ** BEST **
  E 80/300 Loss:4.509 lr:5.00e-04 316s
  >> Val MRR:0.5056 H@1:47.6% H@10:56.4% ** BEST **
  >> Val MRR:0.5102 H@1:48.4% H@10:57.6% ** BEST **
  E 90/300 Loss:4.496 lr:5.00e-04 316s
  >> Val MRR:0.5071 (best:0.5102 p:1/30)
  >> Val MRR:0.5075 (best:0.5102 p:2/30)
  E100/300 Loss:4.488 lr:5.00e-04 316s
  >> Val MRR:0.5080 (best:0.5102 p:3/30)
  E110/300 Loss:4.478 lr:5.00e-04 316s
  E120/300 Loss:4.472 lr:5.00e-04 316s
  E130/300 Loss:4.465 lr:5.00e-04 316s
  >> Val MRR:0.5009 (best:0.5102 p:10/30)
  E140/300 Loss:4.458 lr:5.00e-04 316s
  E150/300 Loss:4.454 lr:5.00e-04 316s
  E160/300 Loss:4.447 lr:5.00e-04 316s
  E170/300 Loss:4.442 lr:5.00e-04 316s
  E180/300 Loss:4.439 lr:1.50e-04 316s
  >> Val MRR:0.5016 (best:0.5102 p:20/30)
  E190/300 Loss:4.409 lr:1.50e-04 316s
  E200/300 Loss:4.406 lr:1.50e-04 316s
  E210/300 Loss:4.404 lr:1.50e-04 316s
  E220/300 Loss:4.403 lr:1.50e-04 316s
  E230/300 Loss:4.399 lr:1.50e-04 316s
  >> Val MRR:0.5037 (best:0.5102 p:30/30)
  Early stop at epoch 235
  Training done: 74315s, best_val_MRR=0.5102
  Full test evaluation (3134 triples)...

  FINAL TEST: MRR=0.4941 H@1=45.9% H@3=50.9% H@10=56.3%
  Saved: /home/shanxh/NM-NBFNet/WN18RR_d200_L2_ls0.3_RotatE_seed123.json
=== CUDA2 FB15k-237 RotatE seed 42 chunk2048 ===
Device: cuda, AMP: True
GPU: NVIDIA GeForce RTX 2080 Ti, 11.3 GB
======================================================================
CompGCN+DistMult | FB15k-237 | seed=42
d_h=200 L=3 lr=0.0005 ls=0.3 epochs=200
score_chunk_size=2048
======================================================================
  KG: 14541 ent, 474 rel, 544230 edges
  Train/Val/Test: 272115/17535/20466
  Params: 3,482,200
  Training: epochs=200, lr=0.0005, batch=128, ls=0.3
  Steps/epoch: 2125
  E  1/200 Loss:7.850 lr:5.00e-04 1113s
  >> Val MRR:0.3998 H@1:30.6% H@10:57.8% ** BEST **
  E 10/200 Loss:6.187 lr:5.00e-04 1115s
  >> Val MRR:0.4250 H@1:33.2% H@10:60.2% ** BEST **
  >> Val MRR:0.4347 H@1:34.0% H@10:61.0% ** BEST **
  E 20/200 Loss:5.850 lr:5.00e-04 1112s
  >> Val MRR:0.4331 (best:0.4347 p:1/30)
  >> Val MRR:0.4257 (best:0.4347 p:2/30)
  E 30/200 Loss:5.617 lr:5.00e-04 1115s
  >> Val MRR:0.4229 (best:0.4347 p:3/30)
  E 40/200 Loss:5.489 lr:5.00e-04 1112s
  E 50/200 Loss:5.413 lr:5.00e-04 1112s
  E 60/200 Loss:5.364 lr:5.00e-04 1113s
  >> Val MRR:0.4179 (best:0.4347 p:10/30)
  E 70/200 Loss:5.329 lr:5.00e-04 1112s
  E 80/200 Loss:5.304 lr:5.00e-04 1112s
