nohup: ignoring input
=== CUDA3 WN18RR RotatE seed 42 chunk2048 ===
Device: cuda, AMP: True
GPU: NVIDIA GeForce RTX 2080 Ti, 11.3 GB
======================================================================
CompGCN+DistMult | WN18RR | seed=42
d_h=200 L=2 lr=0.0005 ls=0.3 epochs=300
score_chunk_size=2048
======================================================================
  KG: 40943 ent, 22 rel, 173670 edges
  Train/Val/Test: 86835/3034/3134
  Params: 8,361,200
  Training: epochs=300, lr=0.0005, batch=128, ls=0.3
  Steps/epoch: 678
  E  1/300 Loss:9.864 lr:5.00e-04 319s
  >> Val MRR:0.4459 H@1:40.8% H@10:51.4% ** BEST **
  E 10/300 Loss:4.900 lr:5.00e-04 326s
  >> Val MRR:0.4864 H@1:45.6% H@10:54.4% ** BEST **
  >> Val MRR:0.4925 H@1:46.0% H@10:55.0% ** BEST **
  E 20/300 Loss:4.706 lr:5.00e-04 314s
  >> Val MRR:0.4947 H@1:46.6% H@10:54.8% ** BEST **
  >> Val MRR:0.4996 H@1:47.0% H@10:55.2% ** BEST **
  E 30/300 Loss:4.631 lr:5.00e-04 316s
  >> Val MRR:0.4925 (best:0.4996 p:1/30)
  >> Val MRR:0.4974 (best:0.4996 p:2/30)
  E 40/300 Loss:4.587 lr:5.00e-04 316s
  >> Val MRR:0.4954 (best:0.4996 p:3/30)
  E 50/300 Loss:4.555 lr:5.00e-04 318s
  >> Val MRR:0.5020 H@1:46.6% H@10:55.8% ** BEST **
  E 60/300 Loss:4.539 lr:5.00e-04 318s
  >> Val MRR:0.5027 H@1:46.8% H@10:56.8% ** BEST **
  >> Val MRR:0.4999 (best:0.5027 p:1/30)
  E 70/300 Loss:4.519 lr:5.00e-04 318s
  >> Val MRR:0.5005 (best:0.5027 p:2/30)
  >> Val MRR:0.4960 (best:0.5027 p:3/30)
  E 80/300 Loss:4.507 lr:5.00e-04 318s
  >> Val MRR:0.5057 H@1:47.6% H@10:55.6% ** BEST **
  >> Val MRR:0.4962 (best:0.5057 p:1/30)
  E 90/300 Loss:4.494 lr:5.00e-04 316s
  >> Val MRR:0.5038 (best:0.5057 p:2/30)
  >> Val MRR:0.5031 (best:0.5057 p:3/30)
  E100/300 Loss:4.484 lr:5.00e-04 317s
  E110/300 Loss:4.477 lr:5.00e-04 316s
  E120/300 Loss:4.470 lr:5.00e-04 316s
  E130/300 Loss:4.462 lr:5.00e-04 316s
  >> Val MRR:0.4998 (best:0.5057 p:10/30)
  E140/300 Loss:4.456 lr:5.00e-04 316s
  E150/300 Loss:4.451 lr:5.00e-04 316s
  E160/300 Loss:4.444 lr:5.00e-04 316s
  E170/300 Loss:4.440 lr:5.00e-04 316s
  E180/300 Loss:4.434 lr:1.50e-04 316s
  >> Val MRR:0.4944 (best:0.5057 p:20/30)
  E190/300 Loss:4.406 lr:1.50e-04 316s
  E200/300 Loss:4.404 lr:1.50e-04 316s
  E210/300 Loss:4.400 lr:1.50e-04 316s
  E220/300 Loss:4.400 lr:1.50e-04 316s
  E230/300 Loss:4.398 lr:1.50e-04 316s
  >> Val MRR:0.4918 (best:0.5057 p:30/30)
  Early stop at epoch 230
  Training done: 72816s, best_val_MRR=0.5057
  Full test evaluation (3134 triples)...

  FINAL TEST: MRR=0.4906 H@1=45.4% H@3=50.4% H@10=56.5%
  Saved: /home/shanxh/NM-NBFNet/WN18RR_d200_L2_ls0.3_RotatE_seed42.json
=== CUDA3 WN18RR RotatE seed 456 chunk2048 ===
Device: cuda, AMP: True
GPU: NVIDIA GeForce RTX 2080 Ti, 11.3 GB
======================================================================
CompGCN+DistMult | WN18RR | seed=456
d_h=200 L=2 lr=0.0005 ls=0.3 epochs=300
score_chunk_size=2048
======================================================================
  KG: 40943 ent, 22 rel, 173670 edges
  Train/Val/Test: 86835/3034/3134
  Params: 8,361,200
  Training: epochs=300, lr=0.0005, batch=128, ls=0.3
  Steps/epoch: 678
  E  1/300 Loss:9.930 lr:5.00e-04 317s
  >> Val MRR:0.4424 H@1:41.4% H@10:49.8% ** BEST **
  E 10/300 Loss:4.893 lr:5.00e-04 316s
  >> Val MRR:0.4872 H@1:45.8% H@10:54.0% ** BEST **
  >> Val MRR:0.4878 H@1:45.4% H@10:54.4% ** BEST **
  E 20/300 Loss:4.698 lr:5.00e-04 316s
  >> Val MRR:0.4940 H@1:46.6% H@10:53.8% ** BEST **
  >> Val MRR:0.4976 H@1:47.0% H@10:54.2% ** BEST **
  E 30/300 Loss:4.627 lr:5.00e-04 316s
  >> Val MRR:0.4971 (best:0.4976 p:1/30)
  >> Val MRR:0.4996 H@1:47.6% H@10:53.8% ** BEST **
  E 40/300 Loss:4.583 lr:5.00e-04 316s
  >> Val MRR:0.4947 (best:0.4996 p:1/30)
  >> Val MRR:0.4973 (best:0.4996 p:2/30)
  E 50/300 Loss:4.554 lr:5.00e-04 316s
  >> Val MRR:0.5043 H@1:48.0% H@10:55.2% ** BEST **
  >> Val MRR:0.5033 (best:0.5043 p:1/30)
  E 60/300 Loss:4.535 lr:5.00e-04 316s
  >> Val MRR:0.4988 (best:0.5043 p:2/30)
  >> Val MRR:0.4970 (best:0.5043 p:3/30)
  E 70/300 Loss:4.518 lr:5.00e-04 316s
  E 80/300 Loss:4.506 lr:5.00e-04 316s
  E 90/300 Loss:4.496 lr:5.00e-04 316s
  >> Val MRR:0.5053 H@1:48.0% H@10:54.6% ** BEST **
  >> Val MRR:0.5038 (best:0.5053 p:1/30)
  E100/300 Loss:4.484 lr:5.00e-04 316s
  >> Val MRR:0.5043 (best:0.5053 p:2/30)
  >> Val MRR:0.5080 H@1:48.2% H@10:56.2% ** BEST **
  E110/300 Loss:4.477 lr:5.00e-04 316s
  >> Val MRR:0.5054 (best:0.5080 p:1/30)
  >> Val MRR:0.5065 (best:0.5080 p:2/30)
  E120/300 Loss:4.470 lr:5.00e-04 316s
  >> Val MRR:0.5030 (best:0.5080 p:3/30)
  E130/300 Loss:4.464 lr:5.00e-04 316s
  E140/300 Loss:4.456 lr:5.00e-04 316s
  E150/300 Loss:4.452 lr:5.00e-04 316s
  >> Val MRR:0.5069 (best:0.5080 p:10/30)
  E160/300 Loss:4.446 lr:5.00e-04 316s
  E170/300 Loss:4.442 lr:5.00e-04 316s
  E180/300 Loss:4.438 lr:1.50e-04 316s
  E190/300 Loss:4.409 lr:1.50e-04 316s
  E200/300 Loss:4.404 lr:1.50e-04 316s
  >> Val MRR:0.5058 (best:0.5080 p:20/30)
  E210/300 Loss:4.403 lr:1.50e-04 316s
  E220/300 Loss:4.400 lr:1.50e-04 316s
  E230/300 Loss:4.400 lr:1.50e-04 316s
  E240/300 Loss:4.399 lr:4.50e-05 316s
  E250/300 Loss:4.389 lr:4.50e-05 316s
  >> Val MRR:0.5029 (best:0.5080 p:30/30)
  Early stop at epoch 255
  Training done: 80548s, best_val_MRR=0.5080
  Full test evaluation (3134 triples)...

  FINAL TEST: MRR=0.4943 H@1=46.1% H@3=50.6% H@10=55.8%
  Saved: /home/shanxh/NM-NBFNet/WN18RR_d200_L2_ls0.3_RotatE_seed456.json
